Archive member included to satisfy reference by file (symbol)

c:/program files (x86)/atmel/studio/7.0/toolchain/arm/arm-gnu-toolchain/bin/../lib/gcc/arm-none-eabi/6.3.1/thumb/v6-m\libgcc.a(_udivsi3.o)
                              hpl/core/hpl_core_m0plus_base.o (__aeabi_uidiv)
c:/program files (x86)/atmel/studio/7.0/toolchain/arm/arm-gnu-toolchain/bin/../lib/gcc/arm-none-eabi/6.3.1/thumb/v6-m\libgcc.a(_divsi3.o)
                              IO1_drivers.o (__aeabi_idiv)
c:/program files (x86)/atmel/studio/7.0/toolchain/arm/arm-gnu-toolchain/bin/../lib/gcc/arm-none-eabi/6.3.1/thumb/v6-m\libgcc.a(_dvmd_tls.o)
                              c:/program files (x86)/atmel/studio/7.0/toolchain/arm/arm-gnu-toolchain/bin/../lib/gcc/arm-none-eabi/6.3.1/thumb/v6-m\libgcc.a(_udivsi3.o) (__aeabi_idiv0)
c:/program files (x86)/atmel/studio/7.0/toolchain/arm/arm-gnu-toolchain/bin/../lib/gcc/arm-none-eabi/6.3.1/thumb/v6-m\libgcc.a(_aeabi_uldivmod.o)
                              hpl/sercom/hpl_sercom.o (__aeabi_uldivmod)
c:/program files (x86)/atmel/studio/7.0/toolchain/arm/arm-gnu-toolchain/bin/../lib/gcc/arm-none-eabi/6.3.1/thumb/v6-m\libgcc.a(_muldi3.o)
                              hpl/sercom/hpl_sercom.o (__aeabi_lmul)
c:/program files (x86)/atmel/studio/7.0/toolchain/arm/arm-gnu-toolchain/bin/../lib/gcc/arm-none-eabi/6.3.1/thumb/v6-m\libgcc.a(_fixunssfsi.o)
                              IO1_drivers.o (__aeabi_f2uiz)
c:/program files (x86)/atmel/studio/7.0/toolchain/arm/arm-gnu-toolchain/bin/../lib/gcc/arm-none-eabi/6.3.1/thumb/v6-m\libgcc.a(_fixunsdfsi.o)
                              hpl/sercom/hpl_sercom.o (__aeabi_d2uiz)
c:/program files (x86)/atmel/studio/7.0/toolchain/arm/arm-gnu-toolchain/bin/../lib/gcc/arm-none-eabi/6.3.1/thumb/v6-m\libgcc.a(_udivmoddi4.o)
                              c:/program files (x86)/atmel/studio/7.0/toolchain/arm/arm-gnu-toolchain/bin/../lib/gcc/arm-none-eabi/6.3.1/thumb/v6-m\libgcc.a(_aeabi_uldivmod.o) (__udivmoddi4)
c:/program files (x86)/atmel/studio/7.0/toolchain/arm/arm-gnu-toolchain/bin/../lib/gcc/arm-none-eabi/6.3.1/thumb/v6-m\libgcc.a(addsf3.o)
                              IO1_drivers.o (__aeabi_fadd)
c:/program files (x86)/atmel/studio/7.0/toolchain/arm/arm-gnu-toolchain/bin/../lib/gcc/arm-none-eabi/6.3.1/thumb/v6-m\libgcc.a(mulsf3.o)
                              at30tse75x.o (__aeabi_fmul)
c:/program files (x86)/atmel/studio/7.0/toolchain/arm/arm-gnu-toolchain/bin/../lib/gcc/arm-none-eabi/6.3.1/thumb/v6-m\libgcc.a(subsf3.o)
                              IO1_drivers.o (__aeabi_fsub)
c:/program files (x86)/atmel/studio/7.0/toolchain/arm/arm-gnu-toolchain/bin/../lib/gcc/arm-none-eabi/6.3.1/thumb/v6-m\libgcc.a(fixsfsi.o)
                              IO1_drivers.o (__aeabi_f2iz)
c:/program files (x86)/atmel/studio/7.0/toolchain/arm/arm-gnu-toolchain/bin/../lib/gcc/arm-none-eabi/6.3.1/thumb/v6-m\libgcc.a(floatsisf.o)
                              at30tse75x.o (__aeabi_i2f)
c:/program files (x86)/atmel/studio/7.0/toolchain/arm/arm-gnu-toolchain/bin/../lib/gcc/arm-none-eabi/6.3.1/thumb/v6-m\libgcc.a(floatunsisf.o)
                              at30tse75x.o (__aeabi_ui2f)
c:/program files (x86)/atmel/studio/7.0/toolchain/arm/arm-gnu-toolchain/bin/../lib/gcc/arm-none-eabi/6.3.1/thumb/v6-m\libgcc.a(divdf3.o)
                              at30tse75x.o (__aeabi_ddiv)
c:/program files (x86)/atmel/studio/7.0/toolchain/arm/arm-gnu-toolchain/bin/../lib/gcc/arm-none-eabi/6.3.1/thumb/v6-m\libgcc.a(muldf3.o)
                              at30tse75x.o (__aeabi_dmul)
c:/program files (x86)/atmel/studio/7.0/toolchain/arm/arm-gnu-toolchain/bin/../lib/gcc/arm-none-eabi/6.3.1/thumb/v6-m\libgcc.a(subdf3.o)
                              hpl/sercom/hpl_sercom.o (__aeabi_dsub)
c:/program files (x86)/atmel/studio/7.0/toolchain/arm/arm-gnu-toolchain/bin/../lib/gcc/arm-none-eabi/6.3.1/thumb/v6-m\libgcc.a(fixdfsi.o)
                              c:/program files (x86)/atmel/studio/7.0/toolchain/arm/arm-gnu-toolchain/bin/../lib/gcc/arm-none-eabi/6.3.1/thumb/v6-m\libgcc.a(_fixunsdfsi.o) (__aeabi_d2iz)
c:/program files (x86)/atmel/studio/7.0/toolchain/arm/arm-gnu-toolchain/bin/../lib/gcc/arm-none-eabi/6.3.1/thumb/v6-m\libgcc.a(floatsidf.o)
                              at30tse75x.o (__aeabi_i2d)
c:/program files (x86)/atmel/studio/7.0/toolchain/arm/arm-gnu-toolchain/bin/../lib/gcc/arm-none-eabi/6.3.1/thumb/v6-m\libgcc.a(floatunsidf.o)
                              hpl/sercom/hpl_sercom.o (__aeabi_ui2d)
c:/program files (x86)/atmel/studio/7.0/toolchain/arm/arm-gnu-toolchain/bin/../lib/gcc/arm-none-eabi/6.3.1/thumb/v6-m\libgcc.a(extendsfdf2.o)
                              at30tse75x.o (__aeabi_f2d)
c:/program files (x86)/atmel/studio/7.0/toolchain/arm/arm-gnu-toolchain/bin/../lib/gcc/arm-none-eabi/6.3.1/thumb/v6-m\libgcc.a(truncdfsf2.o)
                              at30tse75x.o (__aeabi_d2f)
[...]
Memory Configuration

Name             Origin             Length             Attributes
rom              0x00000000         0x00040000         xr
ram              0x20000000         0x00008000         xrw
*default*        0x00000000         0xffffffff

Linker script and memory map

LOAD c:/program files (x86)/atmel/studio/7.0/toolchain/arm/arm-gnu-toolchain/bin/../lib/gcc/arm-none-eabi/6.3.1/thumb/v6-m/crti.o
LOAD c:/program files (x86)/atmel/studio/7.0/toolchain/arm/arm-gnu-toolchain/bin/../lib/gcc/arm-none-eabi/6.3.1/thumb/v6-m/crtbegin.o
LOAD c:/program files (x86)/atmel/studio/7.0/toolchain/arm/arm-gnu-toolchain/bin/../lib/gcc/arm-none-eabi/6.3.1/../../../../arm-none-eabi/lib/thumb/v6-m/crt0.o
LOAD at30tse75x.o
LOAD atmel_start.o
LOAD Device_Startup/startup_samr21.o
LOAD Device_Startup/system_samr21.o
LOAD driver_init.o
LOAD hal/src/hal_adc_async.o
LOAD hal/src/hal_atomic.o
LOAD hal/src/hal_delay.o
LOAD hal/src/hal_gpio.o
LOAD hal/src/hal_i2c_m_sync.o
LOAD hal/src/hal_init.o
LOAD hal/src/hal_io.o
LOAD hal/src/hal_sleep.o
LOAD hal/src/hal_usart_sync.o
LOAD hal/utils/src/utils_assert.o
LOAD hal/utils/src/utils_event.o
LOAD hal/utils/src/utils_list.o
LOAD hal/utils/src/utils_ringbuffer.o
LOAD hal/utils/src/utils_syscalls.o
LOAD hpl/adc/hpl_adc.o
LOAD hpl/core/hpl_core_m0plus_base.o
LOAD hpl/core/hpl_init.o
LOAD hpl/dmac/hpl_dmac.o
LOAD hpl/gclk/hpl_gclk.o
LOAD hpl/pm/hpl_pm.o
LOAD hpl/sercom/hpl_sercom.o
LOAD hpl/sysctrl/hpl_sysctrl.o
LOAD hpl/systick/hpl_systick.o
LOAD IO1_drivers.o
LOAD main.o
LOAD stdio_redirect/gcc/read.o
LOAD stdio_redirect/gcc/write.o
LOAD stdio_redirect/stdio_io.o
LOAD stdio_start.o
LOAD temperature_sensor.o
START GROUP
LOAD c:/program files (x86)/atmel/studio/7.0/toolchain/arm/arm-gnu-toolchain/bin/../lib/gcc/arm-none-eabi/6.3.1/../../../../arm-none-eabi/lib/thumb/v6-m\libm.a
END GROUP
START GROUP
LOAD c:/program files (x86)/atmel/studio/7.0/toolchain/arm/arm-gnu-toolchain/bin/../lib/gcc/arm-none-eabi/6.3.1/thumb/v6-m\libgcc.a
LOAD c:/program files (x86)/atmel/studio/7.0/toolchain/arm/arm-gnu-toolchain/bin/../lib/gcc/arm-none-eabi/6.3.1/../../../../arm-none-eabi/lib/thumb/v6-m\libc_nano.a
END GROUP
START GROUP
LOAD c:/program files (x86)/atmel/studio/7.0/toolchain/arm/arm-gnu-toolchain/bin/../lib/gcc/arm-none-eabi/6.3.1/thumb/v6-m\libgcc.a
LOAD c:/program files (x86)/atmel/studio/7.0/toolchain/arm/arm-gnu-toolchain/bin/../lib/gcc/arm-none-eabi/6.3.1/../../../../arm-none-eabi/lib/thumb/v6-m\libc_nano.a
END GROUP
LOAD c:/program files (x86)/atmel/studio/7.0/toolchain/arm/arm-gnu-toolchain/bin/../lib/gcc/arm-none-eabi/6.3.1/thumb/v6-m/crtend.o
LOAD c:/program files (x86)/atmel/studio/7.0/toolchain/arm/arm-gnu-toolchain/bin/../lib/gcc/arm-none-eabi/6.3.1/thumb/v6-m/crtn.o
                0x00002000                STACK_SIZE = DEFINED (STACK_SIZE)?STACK_SIZE:DEFINED (__stack_size__)?__stack_size__:0x2000

.text           0x00000000     0x564c
                0x00000000                . = ALIGN (0x4)
                0x00000000                _sfixed = .
 *(.vectors .vectors.*)
 .vectors       0x00000000       0xb4 Device_Startup/startup_samr21.o
                0x00000000                exception_table
 *(.text .text.* .gnu.linkonce.t.*)
 .text          0x000000b4       0x60 c:/program files (x86)/atmel/studio/7.0/toolchain/arm/arm-gnu-toolchain/bin/../lib/gcc/arm-none-eabi/6.3.1/thumb/v6-m/crtbegin.o
 .text.at30tse75x_read
                0x00000114       0xd0 at30tse75x.o
                0x00000114                at30tse75x_read
 .text.at30tse75x_construct
                0x000001e4       0x50 at30tse75x.o
                0x000001e4                at30tse75x_construct
 .text.atmel_start_init
                0x00000234       0x14 atmel_start.o
                0x00000234                atmel_start_init
 .text.Dummy_Handler
                0x00000248        0x2 Device_Startup/startup_samr21.o
                0x00000248                DMAC_Handler
                0x00000248                HardFault_Handler
                0x00000248                AC_Handler
                0x00000248                SysTick_Handler
                0x00000248                PendSV_Handler
                0x00000248                NMI_Handler
                0x00000248                TC7_Handler
                0x00000248                SERCOM1_Handler
                0x00000248                TCC1_Handler
                0x00000248                SERCOM2_Handler
                0x00000248                TCC0_Handler
                0x00000248                RTC_Handler
                0x00000248                EIC_Handler
                0x00000248                TC6_Handler
                0x00000248                WDT_Handler
                0x00000248                TC4_Handler
                0x00000248                USB_Handler
                0x00000248                TC3_Handler
                0x00000248                Dummy_Handler
                0x00000248                PM_Handler
                0x00000248                SERCOM5_Handler
                0x00000248                SVC_Handler
                0x00000248                TCC2_Handler
                0x00000248                EVSYS_Handler
                0x00000248                SERCOM3_Handler
                0x00000248                SERCOM4_Handler
                0x00000248                NVMCTRL_Handler
                0x00000248                SERCOM0_Handler
                0x00000248                DAC_Handler
                0x00000248                PTC_Handler
                0x00000248                TC5_Handler
                0x00000248                SYSCTRL_Handler
 *fill*         0x0000024a        0x2 
 .text.Reset_Handler
                0x0000024c       0xc4 Device_Startup/startup_samr21.o
                0x0000024c                Reset_Handler
 .text.IO_SENSOR_ADC_INIT
                0x00000310       0xa0 driver_init.o
                0x00000310                IO_SENSOR_ADC_INIT
 .text.TARGETIO_PORT_INIT
                0x000003b0       0x44 driver_init.o
                0x000003b0                TARGETIO_PORT_INIT
 .text.TARGETIO_CLOCK_INIT
                0x000003f4       0x20 driver_init.o
                0x000003f4                TARGETIO_CLOCK_INIT
 .text.TARGETIO_INIT
                0x00000414       0x2c driver_init.o
                0x00000414                TARGETIO_INIT
 .text.I2C_INSTANCE_PORT_INIT
                0x00000440       0x54 driver_init.o
                0x00000440                I2C_INSTANCE_PORT_INIT
 .text.I2C_INSTANCE_CLOCK_INIT
                0x00000494       0x28 driver_init.o
                0x00000494                I2C_INSTANCE_CLOCK_INIT
 .text.I2C_INSTANCE_INIT
                0x000004bc       0x28 driver_init.o
                0x000004bc                I2C_INSTANCE_INIT
 .text.delay_driver_init
                0x000004e4       0x14 driver_init.o
                0x000004e4                delay_driver_init
 .text.system_init
                0x000004f8       0x58 driver_init.o
                0x000004f8                system_init
 .text.adc_async_window_threshold_reached
                0x00000550        0xc hal/src/hal_adc_async.o
 .text.adc_async_error_occured
                0x0000055c        0xc hal/src/hal_adc_async.o
 .text.adc_async_channel_conversion_done
                0x00000568       0x60 hal/src/hal_adc_async.o
 .text.adc_async_init
                0x000005c8       0xb4 hal/src/hal_adc_async.o
                0x000005c8                adc_async_init
 .text.adc_async_register_channel_buffer
                0x0000067c       0xb8 hal/src/hal_adc_async.o
                0x0000067c                adc_async_register_channel_buffer
 .text.adc_async_enable_channel
                0x00000734       0x40 hal/src/hal_adc_async.o
                0x00000734                adc_async_enable_channel
 .text.adc_async_register_callback
                0x00000774       0x7c hal/src/hal_adc_async.o
                0x00000774                adc_async_register_callback
 .text.adc_async_read_channel
                0x000007f0       0xd8 hal/src/hal_adc_async.o
                0x000007f0                adc_async_read_channel
 .text.adc_async_start_conversion
                0x000008c8       0x28 hal/src/hal_adc_async.o
                0x000008c8                adc_async_start_conversion
 .text.atomic_enter_critical
                0x000008f0        0xe hal/src/hal_atomic.o
                0x000008f0                atomic_enter_critical
 .text.atomic_leave_critical
                0x000008fe        0xc hal/src/hal_atomic.o
                0x000008fe                atomic_leave_critical
 *fill*         0x0000090a        0x2 
 .text.delay_init
                0x0000090c       0x14 hal/src/hal_delay.o
                0x0000090c                delay_init
 .text.delay_ms
                0x00000920       0x20 hal/src/hal_delay.o
                0x00000920                delay_ms
 .text.i2c_m_sync_write
                0x00000940       0x34 hal/src/hal_i2c_m_sync.o
 .text.i2c_m_sync_read
                0x00000974       0x34 hal/src/hal_i2c_m_sync.o
 .text.i2c_m_sync_init
                0x000009a8       0x40 hal/src/hal_i2c_m_sync.o
                0x000009a8                i2c_m_sync_init
 .text.i2c_m_sync_enable
                0x000009e8        0xc hal/src/hal_i2c_m_sync.o
                0x000009e8                i2c_m_sync_enable
 .text.i2c_m_sync_set_slaveaddr
                0x000009f4       0x12 hal/src/hal_i2c_m_sync.o
                0x000009f4                i2c_m_sync_set_slaveaddr
 *fill*         0x00000a06        0x2 
 .text.io_write
                0x00000a08       0x38 hal/src/hal_io.o
                0x00000a08                io_write
 .text.io_read  0x00000a40       0x38 hal/src/hal_io.o
                0x00000a40                io_read
 .text.usart_sync_write
                0x00000a78       0x74 hal/src/hal_usart_sync.o
 .text.usart_sync_read
                0x00000aec       0x6c hal/src/hal_usart_sync.o
 .text.usart_sync_init
                0x00000b58       0x4c hal/src/hal_usart_sync.o
                0x00000b58                usart_sync_init
 .text.usart_sync_enable
                0x00000ba4       0x2c hal/src/hal_usart_sync.o
                0x00000ba4                usart_sync_enable
 .text.usart_sync_get_io_descriptor
                0x00000bd0       0x30 hal/src/hal_usart_sync.o
                0x00000bd0                usart_sync_get_io_descriptor
 .text.assert   0x00000c00        0x8 hal/utils/src/utils_assert.o
                0x00000c00                assert
 .text.ringbuffer_init
                0x00000c08       0x4c hal/utils/src/utils_ringbuffer.o
                0x00000c08                ringbuffer_init
 .text.ringbuffer_get
                0x00000c54       0x4c hal/utils/src/utils_ringbuffer.o
                0x00000c54                ringbuffer_get
 .text.ringbuffer_put
                0x00000ca0       0x40 hal/utils/src/utils_ringbuffer.o
                0x00000ca0                ringbuffer_put
 .text.ringbuffer_num
                0x00000ce0       0x24 hal/utils/src/utils_ringbuffer.o
                0x00000ce0                ringbuffer_num
 .text._sbrk    0x00000d04       0x24 hal/utils/src/utils_syscalls.o
                0x00000d04                _sbrk
 .text._close   0x00000d28        0x6 hal/utils/src/utils_syscalls.o
                0x00000d28                _close
 .text._fstat   0x00000d2e        0xa hal/utils/src/utils_syscalls.o
                0x00000d2e                _fstat
 .text._isatty  0x00000d38        0x4 hal/utils/src/utils_syscalls.o
                0x00000d38                _isatty
 .text._lseek   0x00000d3c        0x4 hal/utils/src/utils_syscalls.o
                0x00000d3c                _lseek
 .text._adc_get_hardware_index
                0x00000d40        0x4 hpl/adc/hpl_adc.o
 .text._adc_get_regs
                0x00000d44       0x40 hpl/adc/hpl_adc.o
 .text._adc_init
                0x00000d84       0xbc hpl/adc/hpl_adc.o
 .text._adc_async_init
                0x00000e40       0x60 hpl/adc/hpl_adc.o
                0x00000e40                _adc_async_init
 .text._adc_async_enable_channel
                0x00000ea0        0xe hpl/adc/hpl_adc.o
                0x00000ea0                _adc_async_enable_channel
 .text._adc_async_get_data_size
                0x00000eae       0x1c hpl/adc/hpl_adc.o
                0x00000eae                _adc_async_get_data_size
 .text._adc_async_convert
                0x00000eca       0x14 hpl/adc/hpl_adc.o
                0x00000eca                _adc_async_convert
 .text._adc_async_set_irq_state
                0x00000ede       0x3e hpl/adc/hpl_adc.o
                0x00000ede                _adc_async_set_irq_state
 .text.ADC_Handler
                0x00000f1c       0x48 hpl/adc/hpl_adc.o
                0x00000f1c                ADC_Handler
 .text._get_cycles_for_ms
                0x00000f64        0xc hpl/core/hpl_core_m0plus_base.o
                0x00000f64                _get_cycles_for_ms
 .text._init_chip
                0x00000f70       0x34 hpl/core/hpl_init.o
                0x00000f70                _init_chip
 .text._gclk_init_generators_by_fref
                0x00000fa4       0x18 hpl/gclk/hpl_gclk.o
                0x00000fa4                _gclk_init_generators_by_fref
 .text._pm_init
                0x00000fbc       0x20 hpl/pm/hpl_pm.o
                0x00000fbc                _pm_init
 .text._sercom_get_hardware_index
                0x00000fdc       0x10 hpl/sercom/hpl_sercom.o
 .text._get_sercom_index
                0x00000fec       0x44 hpl/sercom/hpl_sercom.o
 .text._usart_init
                0x00001030       0xc4 hpl/sercom/hpl_sercom.o
 .text._get_i2cm_index
                0x000010f4       0x48 hpl/sercom/hpl_sercom.o
 .text._i2c_m_sync_init_impl
                0x0000113c       0xa0 hpl/sercom/hpl_sercom.o
 .text._sercom_i2c_sync_send_address
                0x000011dc      0x240 hpl/sercom/hpl_sercom.o
 .text._usart_sync_init
                0x0000141c       0x2c hpl/sercom/hpl_sercom.o
                0x0000141c                _usart_sync_init
 .text._usart_sync_enable
                0x00001448       0x12 hpl/sercom/hpl_sercom.o
                0x00001448                _usart_sync_enable
 .text._usart_sync_write_byte
                0x0000145a        0x8 hpl/sercom/hpl_sercom.o
                0x0000145a                _usart_sync_write_byte
 .text._usart_sync_read_byte
                0x00001462        0x8 hpl/sercom/hpl_sercom.o
                0x00001462                _usart_sync_read_byte
 .text._usart_sync_is_ready_to_send
                0x0000146a        0xa hpl/sercom/hpl_sercom.o
                0x0000146a                _usart_sync_is_ready_to_send
 .text._usart_sync_is_transmit_done
                0x00001474        0xc hpl/sercom/hpl_sercom.o
                0x00001474                _usart_sync_is_transmit_done
 .text._usart_sync_is_byte_received
                0x00001480        0xc hpl/sercom/hpl_sercom.o
                0x00001480                _usart_sync_is_byte_received
 .text._i2c_m_sync_init
                0x0000148c       0x30 hpl/sercom/hpl_sercom.o
                0x0000148c                _i2c_m_sync_init
 .text._i2c_m_sync_enable
                0x000014bc       0x80 hpl/sercom/hpl_sercom.o
                0x000014bc                _i2c_m_sync_enable
 .text._i2c_m_sync_transfer
                0x0000153c      0x264 hpl/sercom/hpl_sercom.o
                0x0000153c                _i2c_m_sync_transfer
 .text._sysctrl_init_sources
                0x000017a0       0x4c hpl/sysctrl/hpl_sysctrl.o
                0x000017a0                _sysctrl_init_sources
 .text._sysctrl_init_referenced_generators
                0x000017ec       0x10 hpl/sysctrl/hpl_sysctrl.o
                0x000017ec                _sysctrl_init_referenced_generators
 .text._system_time_init
                0x000017fc       0x14 hpl/systick/hpl_systick.o
                0x000017fc                _system_time_init
 .text._delay_init
                0x00001810        0xc hpl/systick/hpl_systick.o
                0x00001810                _delay_init
 .text._delay_cycles
                0x0000181c       0x40 hpl/systick/hpl_systick.o
                0x0000181c                _delay_cycles
 .text.lightSensor_ADC_conversion_callback
                0x0000185c        0xc IO1_drivers.o
 .text.IO_SENSOR_INIT
                0x00001868       0x74 IO1_drivers.o
                0x00001868                IO_SENSOR_INIT
 .text.readVoltageSensor
                0x000018dc       0x6c IO1_drivers.o
                0x000018dc                readVoltageSensor
 .text.readCurrentSensor
                0x00001948       0x3c IO1_drivers.o
                0x00001948                readCurrentSensor
 .text.readLightSensor
                0x00001984       0x40 IO1_drivers.o
                0x00001984                readLightSensor
 .text.readTemperatureSensor
                0x000019c4       0x20 IO1_drivers.o
                0x000019c4                readTemperatureSensor
 .text.IO1X_LED_ON
                0x000019e4        0xc IO1_drivers.o
                0x000019e4                IO1X_LED_ON
 .text.floatToString
                0x000019f0       0xcc IO1_drivers.o
                0x000019f0                floatToString
 .text.main     0x00001abc       0xbc main.o
                0x00001abc                main
 .text._read    0x00001b78       0x28 stdio_redirect/gcc/read.o
                0x00001b78                _read
 .text._write   0x00001ba0       0x28 stdio_redirect/gcc/write.o
                0x00001ba0                _write
 .text.stdio_io_init
                0x00001bc8       0x2c stdio_redirect/stdio_io.o
                0x00001bc8                stdio_io_init
 .text.stdio_io_read
                0x00001bf4       0x24 stdio_redirect/stdio_io.o
                0x00001bf4                stdio_io_read
 .text.stdio_io_write
                0x00001c18       0x24 stdio_redirect/stdio_io.o
                0x00001c18                stdio_io_write
 .text.stdio_redirect_init
                0x00001c3c       0x20 stdio_start.o
                0x00001c3c                stdio_redirect_init
 .text.temperature_sensor_construct
                0x00001c5c        0x6 temperature_sensor.o
                0x00001c5c                temperature_sensor_construct
 .text.temperature_sensor_read
                0x00001c62        0xa temperature_sensor.o
                0x00001c62                temperature_sensor_read
 .text          0x00001c6c      0x114 c:/program files (x86)/atmel/studio/7.0/toolchain/arm/arm-gnu-toolchain/bin/../lib/gcc/arm-none-eabi/6.3.1/thumb/v6-m\libgcc.a(_udivsi3.o)
                0x00001c6c                __aeabi_uidiv
                0x00001c6c                __udivsi3
                0x00001d78                __aeabi_uidivmod
 .text          0x00001d80      0x1d4 c:/program files (x86)/atmel/studio/7.0/toolchain/arm/arm-gnu-toolchain/bin/../lib/gcc/arm-none-eabi/6.3.1/thumb/v6-m\libgcc.a(_divsi3.o)
                0x00001d80                __divsi3
                0x00001d80                __aeabi_idiv
                0x00001f4c                __aeabi_idivmod
 .text          0x00001f54        0x4 c:/program files (x86)/atmel/studio/7.0/toolchain/arm/arm-gnu-toolchain/bin/../lib/gcc/arm-none-eabi/6.3.1/thumb/v6-m\libgcc.a(_dvmd_tls.o)
                0x00001f54                __aeabi_idiv0
                0x00001f54                __aeabi_ldiv0
 .text          0x00001f58       0x30 c:/program files (x86)/atmel/studio/7.0/toolchain/arm/arm-gnu-toolchain/bin/../lib/gcc/arm-none-eabi/6.3.1/thumb/v6-m\libgcc.a(_fixunssfsi.o)
                0x00001f58                __fixunssfsi
                0x00001f58                __aeabi_f2uiz
 .text          0x00001f88      0x324 c:/program files (x86)/atmel/studio/7.0/toolchain/arm/arm-gnu-toolchain/bin/../lib/gcc/arm-none-eabi/6.3.1/thumb/v6-m\libgcc.a(addsf3.o)
                0x00001f88                __aeabi_fadd
 .text          0x000022ac      0x240 c:/program files (x86)/atmel/studio/7.0/toolchain/arm/arm-gnu-toolchain/bin/../lib/gcc/arm-none-eabi/6.3.1/thumb/v6-m\libgcc.a(mulsf3.o)
                0x000022ac                __aeabi_fmul
 .text          0x000024ec      0x338 c:/program files (x86)/atmel/studio/7.0/toolchain/arm/arm-gnu-toolchain/bin/../lib/gcc/arm-none-eabi/6.3.1/thumb/v6-m\libgcc.a(subsf3.o)
                0x000024ec                __aeabi_fsub
 .text          0x00002824       0x40 c:/program files (x86)/atmel/studio/7.0/toolchain/arm/arm-gnu-toolchain/bin/../lib/gcc/arm-none-eabi/6.3.1/thumb/v6-m\libgcc.a(fixsfsi.o)
                0x00002824                __aeabi_f2iz
 .text          0x00002864       0xa0 c:/program files (x86)/atmel/studio/7.0/toolchain/arm/arm-gnu-toolchain/bin/../lib/gcc/arm-none-eabi/6.3.1/thumb/v6-m\libgcc.a(floatsisf.o)
                0x00002864                __aeabi_i2f
 .text          0x00002904       0x8c c:/program files (x86)/atmel/studio/7.0/toolchain/arm/arm-gnu-toolchain/bin/../lib/gcc/arm-none-eabi/6.3.1/thumb/v6-m\libgcc.a(floatunsisf.o)
                0x00002904                __aeabi_ui2f
 .text          0x00002990      0x668 c:/program files (x86)/atmel/studio/7.0/toolchain/arm/arm-gnu-toolchain/bin/../lib/gcc/arm-none-eabi/6.3.1/thumb/v6-m\libgcc.a(divdf3.o)
                0x00002990                __aeabi_ddiv
 .text          0x00002ff8      0x500 c:/program files (x86)/atmel/studio/7.0/toolchain/arm/arm-gnu-toolchain/bin/../lib/gcc/arm-none-eabi/6.3.1/thumb/v6-m\libgcc.a(muldf3.o)
                0x00002ff8                __aeabi_dmul
 .text          0x000034f8      0x62c c:/program files (x86)/atmel/studio/7.0/toolchain/arm/arm-gnu-toolchain/bin/../lib/gcc/arm-none-eabi/6.3.1/thumb/v6-m\libgcc.a(subdf3.o)
                0x000034f8                __aeabi_dsub
 .text          0x00003b24       0x84 c:/program files (x86)/atmel/studio/7.0/toolchain/arm/arm-gnu-toolchain/bin/../lib/gcc/arm-none-eabi/6.3.1/thumb/v6-m\libgcc.a(floatsidf.o)
                0x00003b24                __aeabi_i2d
 .text          0x00003ba8       0xa4 c:/program files (x86)/atmel/studio/7.0/toolchain/arm/arm-gnu-toolchain/bin/../lib/gcc/arm-none-eabi/6.3.1/thumb/v6-m\libgcc.a(extendsfdf2.o)
                0x00003ba8                __aeabi_f2d
 .text          0x00003c4c      0x114 c:/program files (x86)/atmel/studio/7.0/toolchain/arm/arm-gnu-toolchain/bin/../lib/gcc/arm-none-eabi/6.3.1/thumb/v6-m\libgcc.a(truncdfsf2.o)
                0x00003c4c                __aeabi_d2f
 .text          0x00003d60       0x74 c:/program files (x86)/atmel/studio/7.0/toolchain/arm/arm-gnu-toolchain/bin/../lib/gcc/arm-none-eabi/6.3.1/thumb/v6-m\libgcc.a(_arm_cmpsf2.o)
                0x00003d60                __aeabi_cfrcmple
                0x00003d68                __aeabi_cfcmpeq
                0x00003d68                __aeabi_cfcmple
                0x00003d78                __aeabi_fcmpeq
                0x00003d84                __aeabi_fcmplt
                0x00003d98                __aeabi_fcmple
                0x00003dac                __aeabi_fcmpgt
                0x00003dc0                __aeabi_fcmpge
 .text          0x00003dd4       0x3c c:/program files (x86)/atmel/studio/7.0/toolchain/arm/arm-gnu-toolchain/bin/../lib/gcc/arm-none-eabi/6.3.1/thumb/v6-m\libgcc.a(_clzsi2.o)
                0x00003dd4                __clzsi2
 .text          0x00003e10       0x4c c:/program files (x86)/atmel/studio/7.0/toolchain/arm/arm-gnu-toolchain/bin/../lib/gcc/arm-none-eabi/6.3.1/thumb/v6-m\libgcc.a(eqsf2.o)
                0x00003e10                __eqsf2
                0x00003e10                __nesf2
 .text          0x00003e5c       0x80 c:/program files (x86)/atmel/studio/7.0/toolchain/arm/arm-gnu-toolchain/bin/../lib/gcc/arm-none-eabi/6.3.1/thumb/v6-m\libgcc.a(gesf2.o)
                0x00003e5c                __gesf2
                0x00003e5c                __gtsf2
 .text          0x00003edc       0x84 c:/program files (x86)/atmel/studio/7.0/toolchain/arm/arm-gnu-toolchain/bin/../lib/gcc/arm-none-eabi/6.3.1/thumb/v6-m\libgcc.a(lesf2.o)
                0x00003edc                __ltsf2
                0x00003edc                __lesf2
 .text.__libc_init_array
                0x00003f60       0x48 c:/program files (x86)/atmel/studio/7.0/toolchain/arm/arm-gnu-toolchain/bin/../lib/gcc/arm-none-eabi/6.3.1/../../../../arm-none-eabi/lib/thumb/v6-m\libc_nano.a(lib_a-init.o)
                0x00003f60                __libc_init_array
 .text.memset   0x00003fa8       0x10 c:/program files (x86)/atmel/studio/7.0/toolchain/arm/arm-gnu-toolchain/bin/../lib/gcc/arm-none-eabi/6.3.1/../../../../arm-none-eabi/lib/thumb/v6-m\libc_nano.a(lib_a-memset.o)
                0x00003fa8                memset
 .text.printf   0x00003fb8       0x34 c:/program files (x86)/atmel/studio/7.0/toolchain/arm/arm-gnu-toolchain/bin/../lib/gcc/arm-none-eabi/6.3.1/../../../../arm-none-eabi/lib/thumb/v6-m\libc_nano.a(lib_a-printf.o)
                0x00003fb8                iprintf
                0x00003fb8                printf
 .text.setbuf   0x00003fec       0x12 c:/program files (x86)/atmel/studio/7.0/toolchain/arm/arm-gnu-toolchain/bin/../lib/gcc/arm-none-eabi/6.3.1/../../../../arm-none-eabi/lib/thumb/v6-m\libc_nano.a(lib_a-setbuf.o)
                0x00003fec                setbuf
 *fill*         0x00003ffe        0x2 
 .text.setvbuf  0x00004000      0x158 c:/program files (x86)/atmel/studio/7.0/toolchain/arm/arm-gnu-toolchain/bin/../lib/gcc/arm-none-eabi/6.3.1/../../../../arm-none-eabi/lib/thumb/v6-m\libc_nano.a(lib_a-setvbuf.o)
                0x00004000                setvbuf
 .text.sprintf  0x00004158       0x44 c:/program files (x86)/atmel/studio/7.0/toolchain/arm/arm-gnu-toolchain/bin/../lib/gcc/arm-none-eabi/6.3.1/../../../../arm-none-eabi/lib/thumb/v6-m\libc_nano.a(lib_a-sprintf.o)
                0x00004158                siprintf
                0x00004158                sprintf
 .text.__swbuf_r
                0x0000419c       0xac c:/program files (x86)/atmel/studio/7.0/toolchain/arm/arm-gnu-toolchain/bin/../lib/gcc/arm-none-eabi/6.3.1/../../../../arm-none-eabi/lib/thumb/v6-m\libc_nano.a(lib_a-wbuf.o)
                0x0000419c                __swbuf_r
 .text.__swsetup_r
                0x00004248       0xec c:/program files (x86)/atmel/studio/7.0/toolchain/arm/arm-gnu-toolchain/bin/../lib/gcc/arm-none-eabi/6.3.1/../../../../arm-none-eabi/lib/thumb/v6-m\libc_nano.a(lib_a-wsetup.o)
                0x00004248                __swsetup_r
 .text.__sflush_r
                0x00004334      0x114 c:/program files (x86)/atmel/studio/7.0/toolchain/arm/arm-gnu-toolchain/bin/../lib/gcc/arm-none-eabi/6.3.1/../../../../arm-none-eabi/lib/thumb/v6-m\libc_nano.a(lib_a-fflush.o)
                0x00004334                __sflush_r
 .text._fflush_r
                0x00004448       0x58 c:/program files (x86)/atmel/studio/7.0/toolchain/arm/arm-gnu-toolchain/bin/../lib/gcc/arm-none-eabi/6.3.1/../../../../arm-none-eabi/lib/thumb/v6-m\libc_nano.a(lib_a-fflush.o)
                0x00004448                _fflush_r
 .text._cleanup_r
                0x000044a0       0x10 c:/program files (x86)/atmel/studio/7.0/toolchain/arm/arm-gnu-toolchain/bin/../lib/gcc/arm-none-eabi/6.3.1/../../../../arm-none-eabi/lib/thumb/v6-m\libc_nano.a(lib_a-findfp.o)
                0x000044a0                _cleanup_r
 .text.std.isra.0
                0x000044b0       0x48 c:/program files (x86)/atmel/studio/7.0/toolchain/arm/arm-gnu-toolchain/bin/../lib/gcc/arm-none-eabi/6.3.1/../../../../arm-none-eabi/lib/thumb/v6-m\libc_nano.a(lib_a-findfp.o)
 .text.__sfmoreglue
                0x000044f8       0x2c c:/program files (x86)/atmel/studio/7.0/toolchain/arm/arm-gnu-toolchain/bin/../lib/gcc/arm-none-eabi/6.3.1/../../../../arm-none-eabi/lib/thumb/v6-m\libc_nano.a(lib_a-findfp.o)
                0x000044f8                __sfmoreglue
 .text.__sinit  0x00004524       0x68 c:/program files (x86)/atmel/studio/7.0/toolchain/arm/arm-gnu-toolchain/bin/../lib/gcc/arm-none-eabi/6.3.1/../../../../arm-none-eabi/lib/thumb/v6-m\libc_nano.a(lib_a-findfp.o)
                0x00004524                __sinit
 .text.__sfp    0x0000458c       0x80 c:/program files (x86)/atmel/studio/7.0/toolchain/arm/arm-gnu-toolchain/bin/../lib/gcc/arm-none-eabi/6.3.1/../../../../arm-none-eabi/lib/thumb/v6-m\libc_nano.a(lib_a-findfp.o)
                0x0000458c                __sfp
 .text._fwalk_reent
                0x0000460c       0x42 c:/program files (x86)/atmel/studio/7.0/toolchain/arm/arm-gnu-toolchain/bin/../lib/gcc/arm-none-eabi/6.3.1/../../../../arm-none-eabi/lib/thumb/v6-m\libc_nano.a(lib_a-fwalk.o)
                0x0000460c                _fwalk_reent
 *fill*         0x0000464e        0x2 
 .text.__swhatbuf_r
                0x00004650       0x50 c:/program files (x86)/atmel/studio/7.0/toolchain/arm/arm-gnu-toolchain/bin/../lib/gcc/arm-none-eabi/6.3.1/../../../../arm-none-eabi/lib/thumb/v6-m\libc_nano.a(lib_a-makebuf.o)
                0x00004650                __swhatbuf_r
 .text.__smakebuf_r
                0x000046a0       0x88 c:/program files (x86)/atmel/studio/7.0/toolchain/arm/arm-gnu-toolchain/bin/../lib/gcc/arm-none-eabi/6.3.1/../../../../arm-none-eabi/lib/thumb/v6-m\libc_nano.a(lib_a-makebuf.o)
                0x000046a0                __smakebuf_r
 .text.malloc   0x00004728       0x14 c:/program files (x86)/atmel/studio/7.0/toolchain/arm/arm-gnu-toolchain/bin/../lib/gcc/arm-none-eabi/6.3.1/../../../../arm-none-eabi/lib/thumb/v6-m\libc_nano.a(lib_a-malloc.o)
                0x00004728                malloc
 .text._free_r  0x0000473c       0x94 c:/program files (x86)/atmel/studio/7.0/toolchain/arm/arm-gnu-toolchain/bin/../lib/gcc/arm-none-eabi/6.3.1/../../../../arm-none-eabi/lib/thumb/v6-m\libc_nano.a(lib_a-nano-freer.o)
                0x0000473c                _free_r
 .text._malloc_r
                0x000047d0       0xbc c:/program files (x86)/atmel/studio/7.0/toolchain/arm/arm-gnu-toolchain/bin/../lib/gcc/arm-none-eabi/6.3.1/../../../../arm-none-eabi/lib/thumb/v6-m\libc_nano.a(lib_a-nano-mallocr.o)
                0x000047d0                _malloc_r
 .text.__ssputs_r
                0x0000488c       0xc4 c:/program files (x86)/atmel/studio/7.0/toolchain/arm/arm-gnu-toolchain/bin/../lib/gcc/arm-none-eabi/6.3.1/../../../../arm-none-eabi/lib/thumb/v6-m\libc_nano.a(lib_a-nano-svfprintf.o)
                0x0000488c                __ssputs_r
 .text._svfprintf_r
                0x00004950      0x208 c:/program files (x86)/atmel/studio/7.0/toolchain/arm/arm-gnu-toolchain/bin/../lib/gcc/arm-none-eabi/6.3.1/../../../../arm-none-eabi/lib/thumb/v6-m\libc_nano.a(lib_a-nano-svfprintf.o)
                0x00004950                _svfiprintf_r
                0x00004950                _svfprintf_r
 .text.__sfputc_r
                0x00004b58       0x2a c:/program files (x86)/atmel/studio/7.0/toolchain/arm/arm-gnu-toolchain/bin/../lib/gcc/arm-none-eabi/6.3.1/../../../../arm-none-eabi/lib/thumb/v6-m\libc_nano.a(lib_a-nano-vfprintf.o)
 .text.__sfputs_r
                0x00004b82       0x24 c:/program files (x86)/atmel/studio/7.0/toolchain/arm/arm-gnu-toolchain/bin/../lib/gcc/arm-none-eabi/6.3.1/../../../../arm-none-eabi/lib/thumb/v6-m\libc_nano.a(lib_a-nano-vfprintf.o)
                0x00004b82                __sfputs_r
 *fill*         0x00004ba6        0x2 
 .text._vfprintf_r
                0x00004ba8      0x238 c:/program files (x86)/atmel/studio/7.0/toolchain/arm/arm-gnu-toolchain/bin/../lib/gcc/arm-none-eabi/6.3.1/../../../../arm-none-eabi/lib/thumb/v6-m\libc_nano.a(lib_a-nano-vfprintf.o)
                0x00004ba8                _vfprintf_r
                0x00004ba8                _vfiprintf_r
 .text._printf_common
                0x00004de0       0xda c:/program files (x86)/atmel/studio/7.0/toolchain/arm/arm-gnu-toolchain/bin/../lib/gcc/arm-none-eabi/6.3.1/../../../../arm-none-eabi/lib/thumb/v6-m\libc_nano.a(lib_a-nano-vfprintf_i.o)
                0x00004de0                _printf_common
 *fill*         0x00004eba        0x2 
 .text._printf_i
                0x00004ebc      0x234 c:/program files (x86)/atmel/studio/7.0/toolchain/arm/arm-gnu-toolchain/bin/../lib/gcc/arm-none-eabi/6.3.1/../../../../arm-none-eabi/lib/thumb/v6-m\libc_nano.a(lib_a-nano-vfprintf_i.o)
                0x00004ebc                _printf_i
 .text._sbrk_r  0x000050f0       0x24 c:/program files (x86)/atmel/studio/7.0/toolchain/arm/arm-gnu-toolchain/bin/../lib/gcc/arm-none-eabi/6.3.1/../../../../arm-none-eabi/lib/thumb/v6-m\libc_nano.a(lib_a-sbrkr.o)
                0x000050f0                _sbrk_r
 .text.__sread  0x00005114       0x28 c:/program files (x86)/atmel/studio/7.0/toolchain/arm/arm-gnu-toolchain/bin/../lib/gcc/arm-none-eabi/6.3.1/../../../../arm-none-eabi/lib/thumb/v6-m\libc_nano.a(lib_a-stdio.o)
                0x00005114                __sread
 .text.__swrite
                0x0000513c       0x38 c:/program files (x86)/atmel/studio/7.0/toolchain/arm/arm-gnu-toolchain/bin/../lib/gcc/arm-none-eabi/6.3.1/../../../../arm-none-eabi/lib/thumb/v6-m\libc_nano.a(lib_a-stdio.o)
                0x0000513c                __swrite
 .text.__sseek  0x00005174       0x2c c:/program files (x86)/atmel/studio/7.0/toolchain/arm/arm-gnu-toolchain/bin/../lib/gcc/arm-none-eabi/6.3.1/../../../../arm-none-eabi/lib/thumb/v6-m\libc_nano.a(lib_a-stdio.o)
                0x00005174                __sseek
 .text.__sclose
                0x000051a0        0xc c:/program files (x86)/atmel/studio/7.0/toolchain/arm/arm-gnu-toolchain/bin/../lib/gcc/arm-none-eabi/6.3.1/../../../../arm-none-eabi/lib/thumb/v6-m\libc_nano.a(lib_a-stdio.o)
                0x000051a0                __sclose
 .text._write_r
                0x000051ac       0x28 c:/program files (x86)/atmel/studio/7.0/toolchain/arm/arm-gnu-toolchain/bin/../lib/gcc/arm-none-eabi/6.3.1/../../../../arm-none-eabi/lib/thumb/v6-m\libc_nano.a(lib_a-writer.o)
                0x000051ac                _write_r
 .text._close_r
                0x000051d4       0x24 c:/program files (x86)/atmel/studio/7.0/toolchain/arm/arm-gnu-toolchain/bin/../lib/gcc/arm-none-eabi/6.3.1/../../../../arm-none-eabi/lib/thumb/v6-m\libc_nano.a(lib_a-closer.o)
                0x000051d4                _close_r
 .text._fstat_r
                0x000051f8       0x24 c:/program files (x86)/atmel/studio/7.0/toolchain/arm/arm-gnu-toolchain/bin/../lib/gcc/arm-none-eabi/6.3.1/../../../../arm-none-eabi/lib/thumb/v6-m\libc_nano.a(lib_a-fstatr.o)
                0x000051f8                _fstat_r
 .text._isatty_r
                0x0000521c       0x24 c:/program files (x86)/atmel/studio/7.0/toolchain/arm/arm-gnu-toolchain/bin/../lib/gcc/arm-none-eabi/6.3.1/../../../../arm-none-eabi/lib/thumb/v6-m\libc_nano.a(lib_a-isattyr.o)
                0x0000521c                _isatty_r
 .text._lseek_r
                0x00005240       0x28 c:/program files (x86)/atmel/studio/7.0/toolchain/arm/arm-gnu-toolchain/bin/../lib/gcc/arm-none-eabi/6.3.1/../../../../arm-none-eabi/lib/thumb/v6-m\libc_nano.a(lib_a-lseekr.o)
                0x00005240                _lseek_r
 .text.memchr   0x00005268       0x16 c:/program files (x86)/atmel/studio/7.0/toolchain/arm/arm-gnu-toolchain/bin/../lib/gcc/arm-none-eabi/6.3.1/../../../../arm-none-eabi/lib/thumb/v6-m\libc_nano.a(lib_a-memchr-stub.o)
                0x00005268                memchr
 .text.memcpy   0x0000527e       0x12 c:/program files (x86)/atmel/studio/7.0/toolchain/arm/arm-gnu-toolchain/bin/../lib/gcc/arm-none-eabi/6.3.1/../../../../arm-none-eabi/lib/thumb/v6-m\libc_nano.a(lib_a-memcpy-stub.o)
                0x0000527e                memcpy
 .text.memmove  0x00005290       0x24 c:/program files (x86)/atmel/studio/7.0/toolchain/arm/arm-gnu-toolchain/bin/../lib/gcc/arm-none-eabi/6.3.1/../../../../arm-none-eabi/lib/thumb/v6-m\libc_nano.a(lib_a-memmove.o)
                0x00005290                memmove
 .text.__malloc_lock
                0x000052b4        0x2 c:/program files (x86)/atmel/studio/7.0/toolchain/arm/arm-gnu-toolchain/bin/../lib/gcc/arm-none-eabi/6.3.1/../../../../arm-none-eabi/lib/thumb/v6-m\libc_nano.a(lib_a-mlock.o)
                0x000052b4                __malloc_lock
 .text.__malloc_unlock
                0x000052b6        0x2 c:/program files (x86)/atmel/studio/7.0/toolchain/arm/arm-gnu-toolchain/bin/../lib/gcc/arm-none-eabi/6.3.1/../../../../arm-none-eabi/lib/thumb/v6-m\libc_nano.a(lib_a-mlock.o)
                0x000052b6                __malloc_unlock
 .text._realloc_r
                0x000052b8       0x4c c:/program files (x86)/atmel/studio/7.0/toolchain/arm/arm-gnu-toolchain/bin/../lib/gcc/arm-none-eabi/6.3.1/../../../../arm-none-eabi/lib/thumb/v6-m\libc_nano.a(lib_a-nano-reallocr.o)
                0x000052b8                _realloc_r
 .text._read_r  0x00005304       0x28 c:/program files (x86)/atmel/studio/7.0/toolchain/arm/arm-gnu-toolchain/bin/../lib/gcc/arm-none-eabi/6.3.1/../../../../arm-none-eabi/lib/thumb/v6-m\libc_nano.a(lib_a-readr.o)
                0x00005304                _read_r
 .text._malloc_usable_size_r
                0x0000532c       0x10 c:/program files (x86)/atmel/studio/7.0/toolchain/arm/arm-gnu-toolchain/bin/../lib/gcc/arm-none-eabi/6.3.1/../../../../arm-none-eabi/lib/thumb/v6-m\libc_nano.a(lib_a-nano-msizer.o)
                0x0000532c                _malloc_usable_size_r
 *(.glue_7t)
 .glue_7t       0x0000533c        0x0 linker stubs
 *(.glue_7)
 .glue_7        0x0000533c        0x0 linker stubs
 *(.rodata .rodata* .gnu.linkonce.r.*)
 .rodata        0x0000533c        0x4 at30tse75x.o
 .rodata.str1.4
                0x00005340       0x1b hal/src/hal_adc_async.o
 *fill*         0x0000535b        0x1 
 .rodata.str1.4
                0x0000535c       0x1c hal/src/hal_i2c_m_sync.o
 .rodata.str1.4
                0x00005378       0x14 hal/src/hal_io.o
 .rodata.str1.4
                0x0000538c       0x1c hal/src/hal_usart_sync.o
 .rodata.str1.4
                0x000053a8       0x24 hal/utils/src/utils_ringbuffer.o
 .rodata        0x000053cc       0x1c hpl/adc/hpl_adc.o
 .rodata.str1.4
                0x000053e8       0x15 hpl/adc/hpl_adc.o
 *fill*         0x000053fd        0x3 
 .rodata        0x00005400       0x4d hpl/sercom/hpl_sercom.o
 *fill*         0x0000544d        0x3 
 .rodata.str1.4
                0x00005450       0x1b hpl/sercom/hpl_sercom.o
 *fill*         0x0000546b        0x1 
 .rodata.str1.4
                0x0000546c       0x68 main.o
 .rodata        0x000054d4       0x40 c:/program files (x86)/atmel/studio/7.0/toolchain/arm/arm-gnu-toolchain/bin/../lib/gcc/arm-none-eabi/6.3.1/thumb/v6-m\libgcc.a(mulsf3.o)
 .rodata        0x00005514       0x40 c:/program files (x86)/atmel/studio/7.0/toolchain/arm/arm-gnu-toolchain/bin/../lib/gcc/arm-none-eabi/6.3.1/thumb/v6-m\libgcc.a(divdf3.o)
 .rodata        0x00005554       0x40 c:/program files (x86)/atmel/studio/7.0/toolchain/arm/arm-gnu-toolchain/bin/../lib/gcc/arm-none-eabi/6.3.1/thumb/v6-m\libgcc.a(muldf3.o)
 .rodata._global_impure_ptr
                0x00005594        0x4 c:/program files (x86)/atmel/studio/7.0/toolchain/arm/arm-gnu-toolchain/bin/../lib/gcc/arm-none-eabi/6.3.1/../../../../arm-none-eabi/lib/thumb/v6-m\libc_nano.a(lib_a-impure.o)
                0x00005594                _global_impure_ptr
 .rodata.__sf_fake_stderr
                0x00005598       0x20 c:/program files (x86)/atmel/studio/7.0/toolchain/arm/arm-gnu-toolchain/bin/../lib/gcc/arm-none-eabi/6.3.1/../../../../arm-none-eabi/lib/thumb/v6-m\libc_nano.a(lib_a-findfp.o)
                0x00005598                __sf_fake_stderr
 .rodata.__sf_fake_stdin
                0x000055b8       0x20 c:/program files (x86)/atmel/studio/7.0/toolchain/arm/arm-gnu-toolchain/bin/../lib/gcc/arm-none-eabi/6.3.1/../../../../arm-none-eabi/lib/thumb/v6-m\libc_nano.a(lib_a-findfp.o)
                0x000055b8                __sf_fake_stdin
 .rodata.__sf_fake_stdout
                0x000055d8       0x20 c:/program files (x86)/atmel/studio/7.0/toolchain/arm/arm-gnu-toolchain/bin/../lib/gcc/arm-none-eabi/6.3.1/../../../../arm-none-eabi/lib/thumb/v6-m\libc_nano.a(lib_a-findfp.o)
                0x000055d8                __sf_fake_stdout
 .rodata._svfprintf_r.str1.1
                0x000055f8       0x11 c:/program files (x86)/atmel/studio/7.0/toolchain/arm/arm-gnu-toolchain/bin/../lib/gcc/arm-none-eabi/6.3.1/../../../../arm-none-eabi/lib/thumb/v6-m\libc_nano.a(lib_a-nano-svfprintf.o)
 .rodata._vfprintf_r.str1.1
                0x00005609       0x11 c:/program files (x86)/atmel/studio/7.0/toolchain/arm/arm-gnu-toolchain/bin/../lib/gcc/arm-none-eabi/6.3.1/../../../../arm-none-eabi/lib/thumb/v6-m\libc_nano.a(lib_a-nano-vfprintf.o)
 .rodata._printf_i.str1.1
                0x00005609       0x22 c:/program files (x86)/atmel/studio/7.0/toolchain/arm/arm-gnu-toolchain/bin/../lib/gcc/arm-none-eabi/6.3.1/../../../../arm-none-eabi/lib/thumb/v6-m\libc_nano.a(lib_a-nano-vfprintf_i.o)
 *(.ARM.extab* .gnu.linkonce.armextab.*)
                0x0000562c                . = ALIGN (0x4)
 *fill*         0x0000562b        0x1 
 *(.init)
 .init          0x0000562c        0x4 c:/program files (x86)/atmel/studio/7.0/toolchain/arm/arm-gnu-toolchain/bin/../lib/gcc/arm-none-eabi/6.3.1/thumb/v6-m/crti.o
                0x0000562c                _init
 .init          0x00005630        0x8 c:/program files (x86)/atmel/studio/7.0/toolchain/arm/arm-gnu-toolchain/bin/../lib/gcc/arm-none-eabi/6.3.1/thumb/v6-m/crtn.o
                0x00005638                . = ALIGN (0x4)
                0x00005638                __preinit_array_start = .
 *(.preinit_array)
                0x00005638                __preinit_array_end = .
                0x00005638                . = ALIGN (0x4)
                0x00005638                __init_array_start = .
 *(SORT(.init_array.*))
 *(.init_array)
 .init_array    0x00005638        0x4 c:/program files (x86)/atmel/studio/7.0/toolchain/arm/arm-gnu-toolchain/bin/../lib/gcc/arm-none-eabi/6.3.1/thumb/v6-m/crtbegin.o
                0x0000563c                __init_array_end = .
                0x0000563c                . = ALIGN (0x4)
 *crtbegin.o(.ctors)
 *(EXCLUDE_FILE(*crtend.o) .ctors)
 *(SORT(.ctors.*))
 *crtend.o(.ctors)
                0x0000563c                . = ALIGN (0x4)
 *(.fini)
 .fini          0x0000563c        0x4 c:/program files (x86)/atmel/studio/7.0/toolchain/arm/arm-gnu-toolchain/bin/../lib/gcc/arm-none-eabi/6.3.1/thumb/v6-m/crti.o
                0x0000563c                _fini
 .fini          0x00005640        0x8 c:/program files (x86)/atmel/studio/7.0/toolchain/arm/arm-gnu-toolchain/bin/../lib/gcc/arm-none-eabi/6.3.1/thumb/v6-m/crtn.o
                0x00005648                . = ALIGN (0x4)
                0x00005648                __fini_array_start = .
 *(.fini_array)
 .fini_array    0x00005648        0x4 c:/program files (x86)/atmel/studio/7.0/toolchain/arm/arm-gnu-toolchain/bin/../lib/gcc/arm-none-eabi/6.3.1/thumb/v6-m/crtbegin.o
 *(SORT(.fini_array.*))
                0x0000564c                __fini_array_end = .
 *crtbegin.o(.dtors)
 *(EXCLUDE_FILE(*crtend.o) .dtors)
 *(SORT(.dtors.*))
 *crtend.o(.dtors)
                0x0000564c                . = ALIGN (0x4)
                0x0000564c                _efixed = .
                [!provide]                PROVIDE (__exidx_start, .)

.vfp11_veneer   0x0000564c        0x0
 .vfp11_veneer  0x0000564c        0x0 linker stubs

.v4_bx          0x0000564c        0x0
 .v4_bx         0x0000564c        0x0 linker stubs

.iplt           0x0000564c        0x0
 .iplt          0x0000564c        0x0 c:/program files (x86)/atmel/studio/7.0/toolchain/arm/arm-gnu-toolchain/bin/../lib/gcc/arm-none-eabi/6.3.1/thumb/v6-m/crtbegin.o

.eh_frame       0x0000564c        0x0
 .eh_frame      0x0000564c        0x0 c:/program files (x86)/atmel/studio/7.0/toolchain/arm/arm-gnu-toolchain/bin/../lib/gcc/arm-none-eabi/6.3.1/thumb/v6-m/crtbegin.o

.rel.dyn        0x0000564c        0x0
 .rel.iplt      0x0000564c        0x0 c:/program files (x86)/atmel/studio/7.0/toolchain/arm/arm-gnu-toolchain/bin/../lib/gcc/arm-none-eabi/6.3.1/thumb/v6-m/crtbegin.o

.jcr            0x0000564c        0x0
 .jcr           0x0000564c        0x0 c:/program files (x86)/atmel/studio/7.0/toolchain/arm/arm-gnu-toolchain/bin/../lib/gcc/arm-none-eabi/6.3.1/thumb/v6-m/crtbegin.o

.igot.plt       0x0000564c        0x0
 .igot.plt      0x0000564c        0x0 c:/program files (x86)/atmel/studio/7.0/toolchain/arm/arm-gnu-toolchain/bin/../lib/gcc/arm-none-eabi/6.3.1/thumb/v6-m/crtbegin.o

.ARM.exidx
 *(.ARM.exidx* .gnu.linkonce.armexidx.*)
                [!provide]                PROVIDE (__exidx_end, .)
                0x0000564c                . = ALIGN (0x4)
                0x0000564c                _etext = .

.relocate       0x20000000       0x64 load address 0x0000564c
                0x20000000                . = ALIGN (0x4)
                0x20000000                _srelocate = .
 *(.ramfunc .ramfunc.*)
 *(.data .data.*)
 .data._impure_ptr
                0x20000000        0x4 c:/program files (x86)/atmel/studio/7.0/toolchain/arm/arm-gnu-toolchain/bin/../lib/gcc/arm-none-eabi/6.3.1/../../../../arm-none-eabi/lib/thumb/v6-m\libc_nano.a(lib_a-impure.o)
                0x20000000                _impure_ptr
 .data.impure_data
                0x20000004       0x60 c:/program files (x86)/atmel/studio/7.0/toolchain/arm/arm-gnu-toolchain/bin/../lib/gcc/arm-none-eabi/6.3.1/../../../../arm-none-eabi/lib/thumb/v6-m\libc_nano.a(lib_a-impure.o)
                0x20000064                . = ALIGN (0x4)
                0x20000064                _erelocate = .

.bss            0x20000064       0xd4 load address 0x000056b0
                0x20000064                . = ALIGN (0x4)
                0x20000064                _sbss = .
                0x20000064                _szero = .
 *(.bss .bss.*)
 .bss           0x20000064       0x1c c:/program files (x86)/atmel/studio/7.0/toolchain/arm/arm-gnu-toolchain/bin/../lib/gcc/arm-none-eabi/6.3.1/thumb/v6-m/crtbegin.o
 .bss           0x20000080       0x14 driver_init.o
 .bss           0x20000094        0x4 hal/src/hal_delay.o
 .bss           0x20000098        0x4 hal/utils/src/utils_syscalls.o
 .bss           0x2000009c        0x4 hpl/adc/hpl_adc.o
 .bss           0x200000a0       0x10 IO1_drivers.o
                0x200000a0                conversion_done
 .bss           0x200000b0        0x4 stdio_redirect/stdio_io.o
 .bss.__malloc_free_list
                0x200000b4        0x4 c:/program files (x86)/atmel/studio/7.0/toolchain/arm/arm-gnu-toolchain/bin/../lib/gcc/arm-none-eabi/6.3.1/../../../../arm-none-eabi/lib/thumb/v6-m\libc_nano.a(lib_a-nano-mallocr.o)
                0x200000b4                __malloc_free_list
 .bss.__malloc_sbrk_start
                0x200000b8        0x4 c:/program files (x86)/atmel/studio/7.0/toolchain/arm/arm-gnu-toolchain/bin/../lib/gcc/arm-none-eabi/6.3.1/../../../../arm-none-eabi/lib/thumb/v6-m\libc_nano.a(lib_a-nano-mallocr.o)
                0x200000b8                __malloc_sbrk_start
 *(COMMON)
 COMMON         0x200000bc       0x70 driver_init.o
                0x200000bc                TARGETIO
                0x200000c8                IO_SENSOR_ADC_ch
                0x200000e0                IO_SENSOR_ADC
                0x2000010c                I2C_INSTANCE
 COMMON         0x2000012c        0x8 IO1_drivers.o
                0x2000012c                TARGETIO_DEBUG
                0x20000130                AT30TSE75X
 COMMON         0x20000134        0x4 c:/program files (x86)/atmel/studio/7.0/toolchain/arm/arm-gnu-toolchain/bin/../lib/gcc/arm-none-eabi/6.3.1/../../../../arm-none-eabi/lib/thumb/v6-m\libc_nano.a(lib_a-reent.o)
                0x20000134                errno
                0x20000138                . = ALIGN (0x4)
                0x20000138                _ebss = .
                0x20000138                _ezero = .

.stack          0x20000138     0x2000 load address 0x00005784
                0x20000138                . = ALIGN (0x8)
                0x20000138                _sstack = .
                0x20002138                . = (. + STACK_SIZE)
 *fill*         0x20000138     0x2000 
                0x20002138                . = ALIGN (0x8)
                0x20002138                _estack = .
                0x20002138                . = ALIGN (0x4)
                0x20002138                _end = .
OUTPUT(IO_samr21.elf elf32-littlearm)

.ARM.attributes
                0x00000000       0x28
 .ARM.attributes
                0x00000000       0x1e c:/program files (x86)/atmel/studio/7.0/toolchain/arm/arm-gnu-toolchain/bin/../lib/gcc/arm-none-eabi/6.3.1/thumb/v6-m/crti.o
 .ARM.attributes
                0x0000001e       0x2c c:/program files (x86)/atmel/studio/7.0/toolchain/arm/arm-gnu-toolchain/bin/../lib/gcc/arm-none-eabi/6.3.1/thumb/v6-m/crtbegin.o
 .ARM.attributes
                0x0000004a       0x32 at30tse75x.o
 .ARM.attributes
                0x0000007c       0x32 atmel_start.o
 .ARM.attributes
                0x000000ae       0x32 Device_Startup/startup_samr21.o
 .ARM.attributes
                0x000000e0       0x32 driver_init.o
 .ARM.attributes
                0x00000112       0x32 hal/src/hal_adc_async.o
 .ARM.attributes
                0x00000144       0x32 hal/src/hal_atomic.o
 .ARM.attributes
                0x00000176       0x32 hal/src/hal_delay.o
 .ARM.attributes
                0x000001a8       0x32 hal/src/hal_i2c_m_sync.o
 .ARM.attributes
                0x000001da       0x32 hal/src/hal_io.o
 .ARM.attributes
                0x0000020c       0x32 hal/src/hal_usart_sync.o
 .ARM.attributes
                0x0000023e       0x32 hal/utils/src/utils_assert.o
 .ARM.attributes
                0x00000270       0x32 hal/utils/src/utils_ringbuffer.o
 .ARM.attributes
                0x000002a2       0x32 hal/utils/src/utils_syscalls.o
 .ARM.attributes
                0x000002d4       0x32 hpl/adc/hpl_adc.o
 .ARM.attributes
                0x00000306       0x32 hpl/core/hpl_core_m0plus_base.o
 .ARM.attributes
                0x00000338       0x32 hpl/core/hpl_init.o
 .ARM.attributes
                0x0000036a       0x32 hpl/gclk/hpl_gclk.o
 .ARM.attributes
                0x0000039c       0x32 hpl/pm/hpl_pm.o
 .ARM.attributes
                0x000003ce       0x32 hpl/sercom/hpl_sercom.o
 .ARM.attributes
                0x00000400       0x32 hpl/sysctrl/hpl_sysctrl.o
 .ARM.attributes
                0x00000432       0x32 hpl/systick/hpl_systick.o
 .ARM.attributes
                0x00000464       0x32 IO1_drivers.o
 .ARM.attributes
                0x00000496       0x32 main.o
 .ARM.attributes
                0x000004c8       0x32 stdio_redirect/gcc/read.o
 .ARM.attributes
                0x000004fa       0x32 stdio_redirect/gcc/write.o
 .ARM.attributes
                0x0000052c       0x32 stdio_redirect/stdio_io.o
 .ARM.attributes
                0x0000055e       0x32 stdio_start.o
 .ARM.attributes
                0x00000590       0x32 temperature_sensor.o
 .ARM.attributes
                0x000005c2       0x1e c:/program files (x86)/atmel/studio/7.0/toolchain/arm/arm-gnu-toolchain/bin/../lib/gcc/arm-none-eabi/6.3.1/thumb/v6-m\libgcc.a(_udivsi3.o)
 .ARM.attributes
                0x000005e0       0x1e c:/program files (x86)/atmel/studio/7.0/toolchain/arm/arm-gnu-toolchain/bin/../lib/gcc/arm-none-eabi/6.3.1/thumb/v6-m\libgcc.a(_divsi3.o)
 .ARM.attributes
                0x000005fe       0x1e c:/program files (x86)/atmel/studio/7.0/toolchain/arm/arm-gnu-toolchain/bin/../lib/gcc/arm-none-eabi/6.3.1/thumb/v6-m\libgcc.a(_dvmd_tls.o)
 .ARM.attributes
                0x0000061c       0x2c c:/program files (x86)/atmel/studio/7.0/toolchain/arm/arm-gnu-toolchain/bin/../lib/gcc/arm-none-eabi/6.3.1/thumb/v6-m\libgcc.a(_fixunssfsi.o)
 .ARM.attributes
                0x00000648       0x2c c:/program files (x86)/atmel/studio/7.0/toolchain/arm/arm-gnu-toolchain/bin/../lib/gcc/arm-none-eabi/6.3.1/thumb/v6-m\libgcc.a(addsf3.o)
 .ARM.attributes
                0x00000674       0x2c c:/program files (x86)/atmel/studio/7.0/toolchain/arm/arm-gnu-toolchain/bin/../lib/gcc/arm-none-eabi/6.3.1/thumb/v6-m\libgcc.a(mulsf3.o)
 .ARM.attributes
                0x000006a0       0x2c c:/program files (x86)/atmel/studio/7.0/toolchain/arm/arm-gnu-toolchain/bin/../lib/gcc/arm-none-eabi/6.3.1/thumb/v6-m\libgcc.a(subsf3.o)
 .ARM.attributes
                0x000006cc       0x2c c:/program files (x86)/atmel/studio/7.0/toolchain/arm/arm-gnu-toolchain/bin/../lib/gcc/arm-none-eabi/6.3.1/thumb/v6-m\libgcc.a(fixsfsi.o)
 .ARM.attributes
                0x000006f8       0x2c c:/program files (x86)/atmel/studio/7.0/toolchain/arm/arm-gnu-toolchain/bin/../lib/gcc/arm-none-eabi/6.3.1/thumb/v6-m\libgcc.a(floatsisf.o)
 .ARM.attributes
                0x00000724       0x2c c:/program files (x86)/atmel/studio/7.0/toolchain/arm/arm-gnu-toolchain/bin/../lib/gcc/arm-none-eabi/6.3.1/thumb/v6-m\libgcc.a(floatunsisf.o)
 .ARM.attributes
                0x00000750       0x2c c:/program files (x86)/atmel/studio/7.0/toolchain/arm/arm-gnu-toolchain/bin/../lib/gcc/arm-none-eabi/6.3.1/thumb/v6-m\libgcc.a(divdf3.o)
 .ARM.attributes
                0x0000077c       0x2c c:/program files (x86)/atmel/studio/7.0/toolchain/arm/arm-gnu-toolchain/bin/../lib/gcc/arm-none-eabi/6.3.1/thumb/v6-m\libgcc.a(muldf3.o)
 .ARM.attributes
                0x000007a8       0x2c c:/program files (x86)/atmel/studio/7.0/toolchain/arm/arm-gnu-toolchain/bin/../lib/gcc/arm-none-eabi/6.3.1/thumb/v6-m\libgcc.a(subdf3.o)
 .ARM.attributes
                0x000007d4       0x2c c:/program files (x86)/atmel/studio/7.0/toolchain/arm/arm-gnu-toolchain/bin/../lib/gcc/arm-none-eabi/6.3.1/thumb/v6-m\libgcc.a(floatsidf.o)
 .ARM.attributes
                0x00000800       0x2c c:/program files (x86)/atmel/studio/7.0/toolchain/arm/arm-gnu-toolchain/bin/../lib/gcc/arm-none-eabi/6.3.1/thumb/v6-m\libgcc.a(extendsfdf2.o)
 .ARM.attributes
                0x0000082c       0x2c c:/program files (x86)/atmel/studio/7.0/toolchain/arm/arm-gnu-toolchain/bin/../lib/gcc/arm-none-eabi/6.3.1/thumb/v6-m\libgcc.a(truncdfsf2.o)
 .ARM.attributes
                0x00000858       0x1e c:/program files (x86)/atmel/studio/7.0/toolchain/arm/arm-gnu-toolchain/bin/../lib/gcc/arm-none-eabi/6.3.1/thumb/v6-m\libgcc.a(_arm_cmpsf2.o)
 .ARM.attributes
                0x00000876       0x1e c:/program files (x86)/atmel/studio/7.0/toolchain/arm/arm-gnu-toolchain/bin/../lib/gcc/arm-none-eabi/6.3.1/thumb/v6-m\libgcc.a(_clzsi2.o)
 .ARM.attributes
                0x00000894       0x2c c:/program files (x86)/atmel/studio/7.0/toolchain/arm/arm-gnu-toolchain/bin/../lib/gcc/arm-none-eabi/6.3.1/thumb/v6-m\libgcc.a(eqsf2.o)
 .ARM.attributes
                0x000008c0       0x2c c:/program files (x86)/atmel/studio/7.0/toolchain/arm/arm-gnu-toolchain/bin/../lib/gcc/arm-none-eabi/6.3.1/thumb/v6-m\libgcc.a(gesf2.o)
 .ARM.attributes
                0x000008ec       0x2c c:/program files (x86)/atmel/studio/7.0/toolchain/arm/arm-gnu-toolchain/bin/../lib/gcc/arm-none-eabi/6.3.1/thumb/v6-m\libgcc.a(lesf2.o)
 .ARM.attributes
                0x00000918       0x2c c:/program files (x86)/atmel/studio/7.0/toolchain/arm/arm-gnu-toolchain/bin/../lib/gcc/arm-none-eabi/6.3.1/../../../../arm-none-eabi/lib/thumb/v6-m\libc_nano.a(lib_a-impure.o)
 .ARM.attributes
                0x00000944       0x2c c:/program files (x86)/atmel/studio/7.0/toolchain/arm/arm-gnu-toolchain/bin/../lib/gcc/arm-none-eabi/6.3.1/../../../../arm-none-eabi/lib/thumb/v6-m\libc_nano.a(lib_a-init.o)
 .ARM.attributes
                0x00000970       0x2c c:/program files (x86)/atmel/studio/7.0/toolchain/arm/arm-gnu-toolchain/bin/../lib/gcc/arm-none-eabi/6.3.1/../../../../arm-none-eabi/lib/thumb/v6-m\libc_nano.a(lib_a-memset.o)
 .ARM.attributes
                0x0000099c       0x2c c:/program files (x86)/atmel/studio/7.0/toolchain/arm/arm-gnu-toolchain/bin/../lib/gcc/arm-none-eabi/6.3.1/../../../../arm-none-eabi/lib/thumb/v6-m\libc_nano.a(lib_a-printf.o)
 .ARM.attributes
                0x000009c8       0x2c c:/program files (x86)/atmel/studio/7.0/toolchain/arm/arm-gnu-toolchain/bin/../lib/gcc/arm-none-eabi/6.3.1/../../../../arm-none-eabi/lib/thumb/v6-m\libc_nano.a(lib_a-setbuf.o)
 .ARM.attributes
                0x000009f4       0x2c c:/program files (x86)/atmel/studio/7.0/toolchain/arm/arm-gnu-toolchain/bin/../lib/gcc/arm-none-eabi/6.3.1/../../../../arm-none-eabi/lib/thumb/v6-m\libc_nano.a(lib_a-setvbuf.o)
 .ARM.attributes
                0x00000a20       0x2c c:/program files (x86)/atmel/studio/7.0/toolchain/arm/arm-gnu-toolchain/bin/../lib/gcc/arm-none-eabi/6.3.1/../../../../arm-none-eabi/lib/thumb/v6-m\libc_nano.a(lib_a-sprintf.o)
 .ARM.attributes
                0x00000a4c       0x2c c:/program files (x86)/atmel/studio/7.0/toolchain/arm/arm-gnu-toolchain/bin/../lib/gcc/arm-none-eabi/6.3.1/../../../../arm-none-eabi/lib/thumb/v6-m\libc_nano.a(lib_a-wbuf.o)
 .ARM.attributes
                0x00000a78       0x2c c:/program files (x86)/atmel/studio/7.0/toolchain/arm/arm-gnu-toolchain/bin/../lib/gcc/arm-none-eabi/6.3.1/../../../../arm-none-eabi/lib/thumb/v6-m\libc_nano.a(lib_a-wsetup.o)
 .ARM.attributes
                0x00000aa4       0x2c c:/program files (x86)/atmel/studio/7.0/toolchain/arm/arm-gnu-toolchain/bin/../lib/gcc/arm-none-eabi/6.3.1/../../../../arm-none-eabi/lib/thumb/v6-m\libc_nano.a(lib_a-fflush.o)
 .ARM.attributes
                0x00000ad0       0x2c c:/program files (x86)/atmel/studio/7.0/toolchain/arm/arm-gnu-toolchain/bin/../lib/gcc/arm-none-eabi/6.3.1/../../../../arm-none-eabi/lib/thumb/v6-m\libc_nano.a(lib_a-findfp.o)
 .ARM.attributes
                0x00000afc       0x2c c:/program files (x86)/atmel/studio/7.0/toolchain/arm/arm-gnu-toolchain/bin/../lib/gcc/arm-none-eabi/6.3.1/../../../../arm-none-eabi/lib/thumb/v6-m\libc_nano.a(lib_a-fwalk.o)
 .ARM.attributes
                0x00000b28       0x2c c:/program files (x86)/atmel/studio/7.0/toolchain/arm/arm-gnu-toolchain/bin/../lib/gcc/arm-none-eabi/6.3.1/../../../../arm-none-eabi/lib/thumb/v6-m\libc_nano.a(lib_a-makebuf.o)
 .ARM.attributes
                0x00000b54       0x2c c:/program files (x86)/atmel/studio/7.0/toolchain/arm/arm-gnu-toolchain/bin/../lib/gcc/arm-none-eabi/6.3.1/../../../../arm-none-eabi/lib/thumb/v6-m\libc_nano.a(lib_a-malloc.o)
 .ARM.attributes
                0x00000b80       0x2c c:/program files (x86)/atmel/studio/7.0/toolchain/arm/arm-gnu-toolchain/bin/../lib/gcc/arm-none-eabi/6.3.1/../../../../arm-none-eabi/lib/thumb/v6-m\libc_nano.a(lib_a-nano-freer.o)
 .ARM.attributes
                0x00000bac       0x2c c:/program files (x86)/atmel/studio/7.0/toolchain/arm/arm-gnu-toolchain/bin/../lib/gcc/arm-none-eabi/6.3.1/../../../../arm-none-eabi/lib/thumb/v6-m\libc_nano.a(lib_a-nano-mallocr.o)
 .ARM.attributes
                0x00000bd8       0x2c c:/program files (x86)/atmel/studio/7.0/toolchain/arm/arm-gnu-toolchain/bin/../lib/gcc/arm-none-eabi/6.3.1/../../../../arm-none-eabi/lib/thumb/v6-m\libc_nano.a(lib_a-nano-svfprintf.o)
 .ARM.attributes
                0x00000c04       0x2c c:/program files (x86)/atmel/studio/7.0/toolchain/arm/arm-gnu-toolchain/bin/../lib/gcc/arm-none-eabi/6.3.1/../../../../arm-none-eabi/lib/thumb/v6-m\libc_nano.a(lib_a-nano-vfprintf.o)
 .ARM.attributes
                0x00000c30       0x2c c:/program files (x86)/atmel/studio/7.0/toolchain/arm/arm-gnu-toolchain/bin/../lib/gcc/arm-none-eabi/6.3.1/../../../../arm-none-eabi/lib/thumb/v6-m\libc_nano.a(lib_a-nano-vfprintf_i.o)
 .ARM.attributes
                0x00000c5c       0x2c c:/program files (x86)/atmel/studio/7.0/toolchain/arm/arm-gnu-toolchain/bin/../lib/gcc/arm-none-eabi/6.3.1/../../../../arm-none-eabi/lib/thumb/v6-m\libc_nano.a(lib_a-sbrkr.o)
 .ARM.attributes
                0x00000c88       0x2c c:/program files (x86)/atmel/studio/7.0/toolchain/arm/arm-gnu-toolchain/bin/../lib/gcc/arm-none-eabi/6.3.1/../../../../arm-none-eabi/lib/thumb/v6-m\libc_nano.a(lib_a-stdio.o)
 .ARM.attributes
                0x00000cb4       0x2c c:/program files (x86)/atmel/studio/7.0/toolchain/arm/arm-gnu-toolchain/bin/../lib/gcc/arm-none-eabi/6.3.1/../../../../arm-none-eabi/lib/thumb/v6-m\libc_nano.a(lib_a-writer.o)
 .ARM.attributes
                0x00000ce0       0x2c c:/program files (x86)/atmel/studio/7.0/toolchain/arm/arm-gnu-toolchain/bin/../lib/gcc/arm-none-eabi/6.3.1/../../../../arm-none-eabi/lib/thumb/v6-m\libc_nano.a(lib_a-closer.o)
 .ARM.attributes
                0x00000d0c       0x2c c:/program files (x86)/atmel/studio/7.0/toolchain/arm/arm-gnu-toolchain/bin/../lib/gcc/arm-none-eabi/6.3.1/../../../../arm-none-eabi/lib/thumb/v6-m\libc_nano.a(lib_a-fstatr.o)
 .ARM.attributes
                0x00000d38       0x2c c:/program files (x86)/atmel/studio/7.0/toolchain/arm/arm-gnu-toolchain/bin/../lib/gcc/arm-none-eabi/6.3.1/../../../../arm-none-eabi/lib/thumb/v6-m\libc_nano.a(lib_a-isattyr.o)
 .ARM.attributes
                0x00000d64       0x2c c:/program files (x86)/atmel/studio/7.0/toolchain/arm/arm-gnu-toolchain/bin/../lib/gcc/arm-none-eabi/6.3.1/../../../../arm-none-eabi/lib/thumb/v6-m\libc_nano.a(lib_a-lseekr.o)
 .ARM.attributes
                0x00000d90       0x2c c:/program files (x86)/atmel/studio/7.0/toolchain/arm/arm-gnu-toolchain/bin/../lib/gcc/arm-none-eabi/6.3.1/../../../../arm-none-eabi/lib/thumb/v6-m\libc_nano.a(lib_a-memchr-stub.o)
 .ARM.attributes
                0x00000dbc       0x2c c:/program files (x86)/atmel/studio/7.0/toolchain/arm/arm-gnu-toolchain/bin/../lib/gcc/arm-none-eabi/6.3.1/../../../../arm-none-eabi/lib/thumb/v6-m\libc_nano.a(lib_a-memcpy-stub.o)
 .ARM.attributes
                0x00000de8       0x2c c:/program files (x86)/atmel/studio/7.0/toolchain/arm/arm-gnu-toolchain/bin/../lib/gcc/arm-none-eabi/6.3.1/../../../../arm-none-eabi/lib/thumb/v6-m\libc_nano.a(lib_a-memmove.o)
 .ARM.attributes
                0x00000e14       0x2c c:/program files (x86)/atmel/studio/7.0/toolchain/arm/arm-gnu-toolchain/bin/../lib/gcc/arm-none-eabi/6.3.1/../../../../arm-none-eabi/lib/thumb/v6-m\libc_nano.a(lib_a-mlock.o)
 .ARM.attributes
                0x00000e40       0x2c c:/program files (x86)/atmel/studio/7.0/toolchain/arm/arm-gnu-toolchain/bin/../lib/gcc/arm-none-eabi/6.3.1/../../../../arm-none-eabi/lib/thumb/v6-m\libc_nano.a(lib_a-nano-reallocr.o)
 .ARM.attributes
                0x00000e6c       0x2c c:/program files (x86)/atmel/studio/7.0/toolchain/arm/arm-gnu-toolchain/bin/../lib/gcc/arm-none-eabi/6.3.1/../../../../arm-none-eabi/lib/thumb/v6-m\libc_nano.a(lib_a-readr.o)
 .ARM.attributes
                0x00000e98       0x2c c:/program files (x86)/atmel/studio/7.0/toolchain/arm/arm-gnu-toolchain/bin/../lib/gcc/arm-none-eabi/6.3.1/../../../../arm-none-eabi/lib/thumb/v6-m\libc_nano.a(lib_a-reent.o)
 .ARM.attributes
                0x00000ec4       0x2c c:/program files (x86)/atmel/studio/7.0/toolchain/arm/arm-gnu-toolchain/bin/../lib/gcc/arm-none-eabi/6.3.1/../../../../arm-none-eabi/lib/thumb/v6-m\libc_nano.a(lib_a-nano-msizer.o)
 .ARM.attributes
                0x00000ef0       0x1e c:/program files (x86)/atmel/studio/7.0/toolchain/arm/arm-gnu-toolchain/bin/../lib/gcc/arm-none-eabi/6.3.1/thumb/v6-m/crtn.o

.comment        0x00000000       0x59
 .comment       0x00000000       0x59 at30tse75x.o
                                 0x5a (size before relaxing)
 .comment       0x00000059       0x5a atmel_start.o
 .comment       0x00000059       0x5a Device_Startup/startup_samr21.o
 .comment       0x00000059       0x5a driver_init.o
 .comment       0x00000059       0x5a hal/src/hal_adc_async.o
 .comment       0x00000059       0x5a hal/src/hal_atomic.o
 .comment       0x00000059       0x5a hal/src/hal_delay.o
 .comment       0x00000059       0x5a hal/src/hal_i2c_m_sync.o
 .comment       0x00000059       0x5a hal/src/hal_io.o
 .comment       0x00000059       0x5a hal/src/hal_usart_sync.o
 .comment       0x00000059       0x5a hal/utils/src/utils_assert.o
 .comment       0x00000059       0x5a hal/utils/src/utils_ringbuffer.o
 .comment       0x00000059       0x5a hal/utils/src/utils_syscalls.o
 .comment       0x00000059       0x5a hpl/adc/hpl_adc.o
 .comment       0x00000059       0x5a hpl/core/hpl_core_m0plus_base.o
 .comment       0x00000059       0x5a hpl/core/hpl_init.o
 .comment       0x00000059       0x5a hpl/gclk/hpl_gclk.o
 .comment       0x00000059       0x5a hpl/pm/hpl_pm.o
 .comment       0x00000059       0x5a hpl/sercom/hpl_sercom.o
 .comment       0x00000059       0x5a hpl/sysctrl/hpl_sysctrl.o
 .comment       0x00000059       0x5a hpl/systick/hpl_systick.o
 .comment       0x00000059       0x5a IO1_drivers.o
 .comment       0x00000059       0x5a main.o
 .comment       0x00000059       0x5a stdio_redirect/gcc/read.o
 .comment       0x00000059       0x5a stdio_redirect/gcc/write.o
 .comment       0x00000059       0x5a stdio_redirect/stdio_io.o
 .comment       0x00000059       0x5a stdio_start.o
 .comment       0x00000059       0x5a temperature_sensor.o

.debug_info     0x00000000    0x29422
 .debug_info    0x00000000      0x580 at30tse75x.o
 .debug_info    0x00000580      0xe77 atmel_start.o
 .debug_info    0x000013f7     0x3a2b Device_Startup/startup_samr21.o
 .debug_info    0x00004e22     0x8db0 driver_init.o
 .debug_info    0x0000dbd2     0x13c2 hal/src/hal_adc_async.o
 .debug_info    0x0000ef94      0x1d1 hal/src/hal_atomic.o
 .debug_info    0x0000f165      0x1dc hal/src/hal_delay.o
 .debug_info    0x0000f341      0x878 hal/src/hal_i2c_m_sync.o
 .debug_info    0x0000fbb9      0x2b2 hal/src/hal_io.o
 .debug_info    0x0000fe6b      0xc56 hal/src/hal_usart_sync.o
 .debug_info    0x00010ac1      0x107 hal/utils/src/utils_assert.o
 .debug_info    0x00010bc8      0x2f1 hal/utils/src/utils_ringbuffer.o
 .debug_info    0x00010eb9      0xdca hal/utils/src/utils_syscalls.o
 .debug_info    0x00011c83     0x38ac hpl/adc/hpl_adc.o
 .debug_info    0x0001552f      0x807 hpl/core/hpl_core_m0plus_base.o
 .debug_info    0x00015d36      0x689 hpl/core/hpl_init.o
 .debug_info    0x000163bf      0x495 hpl/gclk/hpl_gclk.o
 .debug_info    0x00016854      0xc6f hpl/pm/hpl_pm.o
 .debug_info    0x000174c3     0xaada hpl/sercom/hpl_sercom.o
 .debug_info    0x00021f9d     0x1450 hpl/sysctrl/hpl_sysctrl.o
 .debug_info    0x000233ed      0x25e hpl/systick/hpl_systick.o
 .debug_info    0x0002364b     0x1b01 IO1_drivers.o
 .debug_info    0x0002514c     0x1217 main.o
 .debug_info    0x00026363      0xa34 stdio_redirect/gcc/read.o
 .debug_info    0x00026d97      0xa34 stdio_redirect/gcc/write.o
 .debug_info    0x000277cb      0xbe2 stdio_redirect/stdio_io.o
 .debug_info    0x000283ad      0xec8 stdio_start.o
 .debug_info    0x00029275      0x1ad temperature_sensor.o

.debug_abbrev   0x00000000     0x3acf
 .debug_abbrev  0x00000000      0x15f at30tse75x.o
 .debug_abbrev  0x0000015f      0x1b4 atmel_start.o
 .debug_abbrev  0x00000313      0x227 Device_Startup/startup_samr21.o
 .debug_abbrev  0x0000053a      0x3a6 driver_init.o
 .debug_abbrev  0x000008e0      0x1f3 hal/src/hal_adc_async.o
 .debug_abbrev  0x00000ad3      0x144 hal/src/hal_atomic.o
 .debug_abbrev  0x00000c17       0xe1 hal/src/hal_delay.o
 .debug_abbrev  0x00000cf8      0x1a6 hal/src/hal_i2c_m_sync.o
 .debug_abbrev  0x00000e9e      0x115 hal/src/hal_io.o
 .debug_abbrev  0x00000fb3      0x217 hal/src/hal_usart_sync.o
 .debug_abbrev  0x000011ca       0x86 hal/utils/src/utils_assert.o
 .debug_abbrev  0x00001250       0xf4 hal/utils/src/utils_ringbuffer.o
 .debug_abbrev  0x00001344      0x269 hal/utils/src/utils_syscalls.o
 .debug_abbrev  0x000015ad      0x4d4 hpl/adc/hpl_adc.o
 .debug_abbrev  0x00001a81      0x2a8 hpl/core/hpl_core_m0plus_base.o
 .debug_abbrev  0x00001d29      0x1d9 hpl/core/hpl_init.o
 .debug_abbrev  0x00001f02      0x19e hpl/gclk/hpl_gclk.o
 .debug_abbrev  0x000020a0      0x215 hpl/pm/hpl_pm.o
 .debug_abbrev  0x000022b5      0x57d hpl/sercom/hpl_sercom.o
 .debug_abbrev  0x00002832      0x20a hpl/sysctrl/hpl_sysctrl.o
 .debug_abbrev  0x00002a3c      0x172 hpl/systick/hpl_systick.o
 .debug_abbrev  0x00002bae      0x3db IO1_drivers.o
 .debug_abbrev  0x00002f89      0x24e main.o
 .debug_abbrev  0x000031d7      0x1e8 stdio_redirect/gcc/read.o
 .debug_abbrev  0x000033bf      0x1e8 stdio_redirect/gcc/write.o
 .debug_abbrev  0x000035a7      0x229 stdio_redirect/stdio_io.o
 .debug_abbrev  0x000037d0      0x1e2 stdio_start.o
 .debug_abbrev  0x000039b2      0x11d temperature_sensor.o

.debug_loc      0x00000000     0xcdc5
 .debug_loc     0x00000000      0x22b at30tse75x.o
 .debug_loc     0x0000022b       0x20 atmel_start.o
 .debug_loc     0x0000024b       0x78 Device_Startup/startup_samr21.o
 .debug_loc     0x000002c3      0x8fa driver_init.o
 .debug_loc     0x00000bbd     0x10ba hal/src/hal_adc_async.o
 .debug_loc     0x00001c77       0x13 hal/src/hal_atomic.o
 .debug_loc     0x00001c8a       0xc3 hal/src/hal_delay.o
 .debug_loc     0x00001d4d      0x6f5 hal/src/hal_i2c_m_sync.o
 .debug_loc     0x00002442      0x1b6 hal/src/hal_io.o
 .debug_loc     0x000025f8      0xa26 hal/src/hal_usart_sync.o
 .debug_loc     0x0000301e      0x2d1 hal/utils/src/utils_ringbuffer.o
 .debug_loc     0x000032ef      0x13b hal/utils/src/utils_syscalls.o
 .debug_loc     0x0000342a     0x1f17 hpl/adc/hpl_adc.o
 .debug_loc     0x00005341      0x28f hpl/core/hpl_core_m0plus_base.o
 .debug_loc     0x000055d0       0x4c hpl/core/hpl_init.o
 .debug_loc     0x0000561c       0xba hpl/gclk/hpl_gclk.o
 .debug_loc     0x000056d6      0x11b hpl/pm/hpl_pm.o
 .debug_loc     0x000057f1     0x6bff hpl/sercom/hpl_sercom.o
 .debug_loc     0x0000c3f0      0x153 hpl/sysctrl/hpl_sysctrl.o
 .debug_loc     0x0000c543       0xf9 hpl/systick/hpl_systick.o
 .debug_loc     0x0000c63c      0x32b IO1_drivers.o
 .debug_loc     0x0000c967       0x9a main.o
 .debug_loc     0x0000ca01       0xfe stdio_redirect/gcc/read.o
 .debug_loc     0x0000caff       0xf2 stdio_redirect/gcc/write.o
 .debug_loc     0x0000cbf1      0x153 stdio_redirect/stdio_io.o
 .debug_loc     0x0000cd44       0x40 stdio_start.o
 .debug_loc     0x0000cd84       0x41 temperature_sensor.o

.debug_aranges  0x00000000      0xdc8
 .debug_aranges
                0x00000000       0x28 at30tse75x.o
 .debug_aranges
                0x00000028       0x20 atmel_start.o
 .debug_aranges
                0x00000048       0x28 Device_Startup/startup_samr21.o
 .debug_aranges
                0x00000070       0x60 driver_init.o
 .debug_aranges
                0x000000d0       0xd0 hal/src/hal_adc_async.o
 .debug_aranges
                0x000001a0       0x30 hal/src/hal_atomic.o
 .debug_aranges
                0x000001d0       0x38 hal/src/hal_delay.o
 .debug_aranges
                0x00000208       0x88 hal/src/hal_i2c_m_sync.o
 .debug_aranges
                0x00000290       0x30 hal/src/hal_io.o
 .debug_aranges
                0x000002c0       0xa8 hal/src/hal_usart_sync.o
 .debug_aranges
                0x00000368       0x20 hal/utils/src/utils_assert.o
 .debug_aranges
                0x00000388       0x40 hal/utils/src/utils_ringbuffer.o
 .debug_aranges
                0x000003c8       0x60 hal/utils/src/utils_syscalls.o
 .debug_aranges
                0x00000428      0x1f8 hpl/adc/hpl_adc.o
 .debug_aranges
                0x00000620       0x70 hpl/core/hpl_core_m0plus_base.o
 .debug_aranges
                0x00000690       0x20 hpl/core/hpl_init.o
 .debug_aranges
                0x000006b0       0x28 hpl/gclk/hpl_gclk.o
 .debug_aranges
                0x000006d8       0x30 hpl/pm/hpl_pm.o
 .debug_aranges
                0x00000708      0x508 hpl/sercom/hpl_sercom.o
 .debug_aranges
                0x00000c10       0x28 hpl/sysctrl/hpl_sysctrl.o
 .debug_aranges
                0x00000c38       0x48 hpl/systick/hpl_systick.o
 .debug_aranges
                0x00000c80       0x60 IO1_drivers.o
 .debug_aranges
                0x00000ce0       0x20 main.o
 .debug_aranges
                0x00000d00       0x20 stdio_redirect/gcc/read.o
 .debug_aranges
                0x00000d20       0x20 stdio_redirect/gcc/write.o
 .debug_aranges
                0x00000d40       0x38 stdio_redirect/stdio_io.o
 .debug_aranges
                0x00000d78       0x28 stdio_start.o
 .debug_aranges
                0x00000da0       0x28 temperature_sensor.o

.debug_ranges   0x00000000      0xe08
 .debug_ranges  0x00000000       0x18 at30tse75x.o
 .debug_ranges  0x00000018       0x10 atmel_start.o
 .debug_ranges  0x00000028       0x18 Device_Startup/startup_samr21.o
 .debug_ranges  0x00000040       0x50 driver_init.o
 .debug_ranges  0x00000090       0xc0 hal/src/hal_adc_async.o
 .debug_ranges  0x00000150       0x20 hal/src/hal_atomic.o
 .debug_ranges  0x00000170       0x28 hal/src/hal_delay.o
 .debug_ranges  0x00000198       0x78 hal/src/hal_i2c_m_sync.o
 .debug_ranges  0x00000210       0x20 hal/src/hal_io.o
 .debug_ranges  0x00000230       0x98 hal/src/hal_usart_sync.o
 .debug_ranges  0x000002c8       0x10 hal/utils/src/utils_assert.o
 .debug_ranges  0x000002d8       0x30 hal/utils/src/utils_ringbuffer.o
 .debug_ranges  0x00000308       0x50 hal/utils/src/utils_syscalls.o
 .debug_ranges  0x00000358      0x200 hpl/adc/hpl_adc.o
 .debug_ranges  0x00000558       0x60 hpl/core/hpl_core_m0plus_base.o
 .debug_ranges  0x000005b8       0x10 hpl/core/hpl_init.o
 .debug_ranges  0x000005c8       0x18 hpl/gclk/hpl_gclk.o
 .debug_ranges  0x000005e0       0x20 hpl/pm/hpl_pm.o
 .debug_ranges  0x00000600      0x6c8 hpl/sercom/hpl_sercom.o
 .debug_ranges  0x00000cc8       0x18 hpl/sysctrl/hpl_sysctrl.o
 .debug_ranges  0x00000ce0       0x38 hpl/systick/hpl_systick.o
 .debug_ranges  0x00000d18       0x68 IO1_drivers.o
 .debug_ranges  0x00000d80       0x10 main.o
 .debug_ranges  0x00000d90       0x10 stdio_redirect/gcc/read.o
 .debug_ranges  0x00000da0       0x10 stdio_redirect/gcc/write.o
 .debug_ranges  0x00000db0       0x28 stdio_redirect/stdio_io.o
 .debug_ranges  0x00000dd8       0x18 stdio_start.o
 .debug_ranges  0x00000df0       0x18 temperature_sensor.o

.debug_macro    0x00000000    0x1bed3
 .debug_macro   0x00000000      0x48c at30tse75x.o
 .debug_macro   0x0000048c      0x89e at30tse75x.o
 .debug_macro   0x00000d2a      0x16d at30tse75x.o
 .debug_macro   0x00000e97       0x22 at30tse75x.o
 .debug_macro   0x00000eb9       0x87 at30tse75x.o
 .debug_macro   0x00000f40       0x51 at30tse75x.o
 .debug_macro   0x00000f91       0xef at30tse75x.o
 .debug_macro   0x00001080       0x6a at30tse75x.o
 .debug_macro   0x000010ea      0x1df at30tse75x.o
 .debug_macro   0x000012c9       0x22 at30tse75x.o
 .debug_macro   0x000012eb       0x46 at30tse75x.o
 .debug_macro   0x00001331       0x1c at30tse75x.o
 .debug_macro   0x0000134d       0x22 at30tse75x.o
 .debug_macro   0x0000136f       0xb5 at30tse75x.o
 .debug_macro   0x00001424      0x3ad at30tse75x.o
 .debug_macro   0x000017d1      0x67d at30tse75x.o
 .debug_macro   0x00001e4e      0x8b0 at30tse75x.o
 .debug_macro   0x000026fe      0x22e at30tse75x.o
 .debug_macro   0x0000292c      0xd5c at30tse75x.o
 .debug_macro   0x00003688      0x4c6 at30tse75x.o
 .debug_macro   0x00003b4e      0x9f6 at30tse75x.o
 .debug_macro   0x00004544      0x82a at30tse75x.o
 .debug_macro   0x00004d6e      0x450 at30tse75x.o
 .debug_macro   0x000051be       0x5e at30tse75x.o
 .debug_macro   0x0000521c      0x21c at30tse75x.o
 .debug_macro   0x00005438      0x734 at30tse75x.o
 .debug_macro   0x00005b6c       0x5e at30tse75x.o
 .debug_macro   0x00005bca      0x631 at30tse75x.o
 .debug_macro   0x000061fb      0x3ab at30tse75x.o
 .debug_macro   0x000065a6       0x94 at30tse75x.o
 .debug_macro   0x0000663a      0xc75 at30tse75x.o
 .debug_macro   0x000072af     0x1092 at30tse75x.o
 .debug_macro   0x00008341      0xc4a at30tse75x.o
 .debug_macro   0x00008f8b      0x6ba at30tse75x.o
 .debug_macro   0x00009645     0x1b3c at30tse75x.o
 .debug_macro   0x0000b181     0x143b at30tse75x.o
 .debug_macro   0x0000c5bc      0x33f at30tse75x.o
 .debug_macro   0x0000c8fb       0x7c at30tse75x.o
 .debug_macro   0x0000c977       0xa0 at30tse75x.o
 .debug_macro   0x0000ca17       0x4c at30tse75x.o
 .debug_macro   0x0000ca63       0xca at30tse75x.o
 .debug_macro   0x0000cb2d       0x94 at30tse75x.o
 .debug_macro   0x0000cbc1       0x58 at30tse75x.o
 .debug_macro   0x0000cc19      0x340 at30tse75x.o
 .debug_macro   0x0000cf59       0x82 at30tse75x.o
 .debug_macro   0x0000cfdb      0x188 at30tse75x.o
 .debug_macro   0x0000d163       0xa0 at30tse75x.o
 .debug_macro   0x0000d203       0xb2 at30tse75x.o
 .debug_macro   0x0000d2b5       0x1c at30tse75x.o
 .debug_macro   0x0000d2d1       0x1c at30tse75x.o
 .debug_macro   0x0000d2ed       0x1c at30tse75x.o
 .debug_macro   0x0000d309       0x7c at30tse75x.o
 .debug_macro   0x0000d385      0x1ba at30tse75x.o
 .debug_macro   0x0000d53f       0x16 at30tse75x.o
 .debug_macro   0x0000d555       0xdc at30tse75x.o
 .debug_macro   0x0000d631      0x124 at30tse75x.o
 .debug_macro   0x0000d755      0x124 at30tse75x.o
 .debug_macro   0x0000d879      0x124 at30tse75x.o
 .debug_macro   0x0000d99d      0x124 at30tse75x.o
 .debug_macro   0x0000dac1      0x124 at30tse75x.o
 .debug_macro   0x0000dbe5      0x124 at30tse75x.o
 .debug_macro   0x0000dd09      0x124 at30tse75x.o
 .debug_macro   0x0000de2d       0xe2 at30tse75x.o
 .debug_macro   0x0000df0f       0xe2 at30tse75x.o
 .debug_macro   0x0000dff1       0xe2 at30tse75x.o
 .debug_macro   0x0000e0d3       0xe2 at30tse75x.o
 .debug_macro   0x0000e1b5       0xe2 at30tse75x.o
 .debug_macro   0x0000e297      0x12a at30tse75x.o
 .debug_macro   0x0000e3c1      0x100 at30tse75x.o
 .debug_macro   0x0000e4c1       0xf4 at30tse75x.o
 .debug_macro   0x0000e5b5      0x40f at30tse75x.o
 .debug_macro   0x0000e9c4       0x40 at30tse75x.o
 .debug_macro   0x0000ea04      0x392 at30tse75x.o
 .debug_macro   0x0000ed96     0x192e at30tse75x.o
 .debug_macro   0x000106c4       0x74 at30tse75x.o
 .debug_macro   0x00010738       0x10 at30tse75x.o
 .debug_macro   0x00010748       0x10 at30tse75x.o
 .debug_macro   0x00010758       0x16 at30tse75x.o
 .debug_macro   0x0001076e       0x16 at30tse75x.o
 .debug_macro   0x00010784       0x16 at30tse75x.o
 .debug_macro   0x0001079a       0x16 at30tse75x.o
 .debug_macro   0x000107b0       0x16 at30tse75x.o
 .debug_macro   0x000107c6       0x16 at30tse75x.o
 .debug_macro   0x000107dc       0x16 at30tse75x.o
 .debug_macro   0x000107f2       0x16 at30tse75x.o
 .debug_macro   0x00010808       0x16 at30tse75x.o
 .debug_macro   0x0001081e       0x16 at30tse75x.o
 .debug_macro   0x00010834       0x16 at30tse75x.o
 .debug_macro   0x0001084a       0x16 at30tse75x.o
 .debug_macro   0x00010860       0x16 at30tse75x.o
 .debug_macro   0x00010876       0x16 at30tse75x.o
 .debug_macro   0x0001088c       0x16 at30tse75x.o
 .debug_macro   0x000108a2       0x16 at30tse75x.o
 .debug_macro   0x000108b8       0x16 at30tse75x.o
 .debug_macro   0x000108ce       0x16 at30tse75x.o
 .debug_macro   0x000108e4       0x16 at30tse75x.o
 .debug_macro   0x000108fa       0x16 at30tse75x.o
 .debug_macro   0x00010910       0x16 at30tse75x.o
 .debug_macro   0x00010926       0xca at30tse75x.o
 .debug_macro   0x000109f0       0x70 at30tse75x.o
 .debug_macro   0x00010a60       0x10 at30tse75x.o
 .debug_macro   0x00010a70      0x6c0 atmel_start.o
 .debug_macro   0x00011130       0x1c atmel_start.o
 .debug_macro   0x0001114c       0x16 atmel_start.o
 .debug_macro   0x00011162       0x58 atmel_start.o
 .debug_macro   0x000111ba       0x58 atmel_start.o
 .debug_macro   0x00011212       0x35 atmel_start.o
 .debug_macro   0x00011247       0x9c atmel_start.o
 .debug_macro   0x000112e3       0x16 atmel_start.o
 .debug_macro   0x000112f9       0x35 atmel_start.o
 .debug_macro   0x0001132e      0x34d atmel_start.o
 .debug_macro   0x0001167b       0x10 atmel_start.o
 .debug_macro   0x0001168b       0x58 atmel_start.o
 .debug_macro   0x000116e3       0x1f atmel_start.o
 .debug_macro   0x00011702       0x43 atmel_start.o
 .debug_macro   0x00011745       0x20 atmel_start.o
 .debug_macro   0x00011765      0x187 atmel_start.o
 .debug_macro   0x000118ec       0x10 atmel_start.o
 .debug_macro   0x000118fc       0x1c atmel_start.o
 .debug_macro   0x00011918       0x52 atmel_start.o
 .debug_macro   0x0001196a       0x40 atmel_start.o
 .debug_macro   0x000119aa       0x10 atmel_start.o
 .debug_macro   0x000119ba       0x40 atmel_start.o
 .debug_macro   0x000119fa       0xd7 atmel_start.o
 .debug_macro   0x00011ad1       0x16 atmel_start.o
 .debug_macro   0x00011ae7      0x18b atmel_start.o
 .debug_macro   0x00011c72      0x306 Device_Startup/startup_samr21.o
 .debug_macro   0x00011f78       0x40 Device_Startup/startup_samr21.o
 .debug_macro   0x00011fb8      0x58b driver_init.o
 .debug_macro   0x00012543       0x50 driver_init.o
 .debug_macro   0x00012593       0xc9 driver_init.o
 .debug_macro   0x0001265c      0x491 hal/src/hal_adc_async.o
 .debug_macro   0x00012aed      0x434 hal/src/hal_atomic.o
 .debug_macro   0x00012f21      0x466 hal/src/hal_delay.o
 .debug_macro   0x00013387      0x46f hal/src/hal_i2c_m_sync.o
 .debug_macro   0x000137f6       0x6a hal/src/hal_i2c_m_sync.o
 .debug_macro   0x00013860      0x447 hal/src/hal_io.o
 .debug_macro   0x00013ca7      0x46e hal/src/hal_usart_sync.o
 .debug_macro   0x00014115      0x43d hal/utils/src/utils_assert.o
 .debug_macro   0x00014552       0x10 hal/utils/src/utils_assert.o
 .debug_macro   0x00014562      0x441 hal/utils/src/utils_ringbuffer.o
 .debug_macro   0x000149a3      0x1d6 hal/utils/src/utils_syscalls.o
 .debug_macro   0x00014b79       0x52 hal/utils/src/utils_syscalls.o
 .debug_macro   0x00014bcb       0x8d hal/utils/src/utils_syscalls.o
 .debug_macro   0x00014c58       0x57 hal/utils/src/utils_syscalls.o
 .debug_macro   0x00014caf       0x97 hal/utils/src/utils_syscalls.o
 .debug_macro   0x00014d46      0x353 hal/utils/src/utils_syscalls.o
 .debug_macro   0x00015099       0xf6 hal/utils/src/utils_syscalls.o
 .debug_macro   0x0001518f       0x4c hal/utils/src/utils_syscalls.o
 .debug_macro   0x000151db       0x16 hal/utils/src/utils_syscalls.o
 .debug_macro   0x000151f1       0x10 hal/utils/src/utils_syscalls.o
 .debug_macro   0x00015201       0x10 hal/utils/src/utils_syscalls.o
 .debug_macro   0x00015211       0x35 hal/utils/src/utils_syscalls.o
 .debug_macro   0x00015246      0x122 hal/utils/src/utils_syscalls.o
 .debug_macro   0x00015368      0x48f hpl/adc/hpl_adc.o
 .debug_macro   0x000157f7      0x6cc hpl/adc/hpl_adc.o
 .debug_macro   0x00015ec3      0x6ba hpl/adc/hpl_adc.o
 .debug_macro   0x0001657d       0xd2 hpl/adc/hpl_adc.o
 .debug_macro   0x0001664f      0x48b hpl/core/hpl_core_m0plus_base.o
 .debug_macro   0x00016ada      0x4ae hpl/core/hpl_init.o
 .debug_macro   0x00016f88       0x2e hpl/core/hpl_init.o
 .debug_macro   0x00016fb6      0x6ec hpl/core/hpl_init.o
 .debug_macro   0x000176a2      0x44a hpl/gclk/hpl_gclk.o
 .debug_macro   0x00017aec      0x1f3 hpl/gclk/hpl_gclk.o
 .debug_macro   0x00017cdf      0x473 hpl/pm/hpl_pm.o
 .debug_macro   0x00018152      0x675 hpl/sercom/hpl_sercom.o
 .debug_macro   0x000187c7      0x11c hpl/sercom/hpl_sercom.o
 .debug_macro   0x000188e3       0x10 hpl/sercom/hpl_sercom.o
 .debug_macro   0x000188f3       0x1c hpl/sercom/hpl_sercom.o
 .debug_macro   0x0001890f       0x22 hpl/sercom/hpl_sercom.o
 .debug_macro   0x00018931       0x10 hpl/sercom/hpl_sercom.o
 .debug_macro   0x00018941      0x44a hpl/sysctrl/hpl_sysctrl.o
 .debug_macro   0x00018d8b      0x2da hpl/sysctrl/hpl_sysctrl.o
 .debug_macro   0x00019065      0x441 hpl/systick/hpl_systick.o
 .debug_macro   0x000194a6       0x10 hpl/systick/hpl_systick.o
 .debug_macro   0x000194b6      0x6cf IO1_drivers.o
 .debug_macro   0x00019b85       0x10 IO1_drivers.o
 .debug_macro   0x00019b95      0x6f2 main.o
 .debug_macro   0x0001a287      0x58e stdio_redirect/gcc/read.o
 .debug_macro   0x0001a815      0x58e stdio_redirect/gcc/write.o
 .debug_macro   0x0001ada3      0x588 stdio_redirect/stdio_io.o
 .debug_macro   0x0001b32b       0xaf stdio_redirect/stdio_io.o
 .debug_macro   0x0001b3da      0x6c1 stdio_start.o
 .debug_macro   0x0001ba9b      0x438 temperature_sensor.o

.debug_line     0x00000000    0x14392
 .debug_line    0x00000000      0x9cc at30tse75x.o
 .debug_line    0x000009cc      0xc14 atmel_start.o
 .debug_line    0x000015e0      0x6e5 Device_Startup/startup_samr21.o
 .debug_line    0x00001cc5      0xc8b driver_init.o
 .debug_line    0x00002950      0xc48 hal/src/hal_adc_async.o
 .debug_line    0x00003598      0x962 hal/src/hal_atomic.o
 .debug_line    0x00003efa      0x98d hal/src/hal_delay.o
 .debug_line    0x00004887      0xa7d hal/src/hal_i2c_m_sync.o
 .debug_line    0x00005304      0x97a hal/src/hal_io.o
 .debug_line    0x00005c7e      0xb45 hal/src/hal_usart_sync.o
 .debug_line    0x000067c3      0x92c hal/utils/src/utils_assert.o
 .debug_line    0x000070ef      0x9cb hal/utils/src/utils_ringbuffer.o
 .debug_line    0x00007aba      0x40b hal/utils/src/utils_syscalls.o
 .debug_line    0x00007ec5     0x1253 hpl/adc/hpl_adc.o
 .debug_line    0x00009118      0xadb hpl/core/hpl_core_m0plus_base.o
 .debug_line    0x00009bf3      0xa0d hpl/core/hpl_init.o
 .debug_line    0x0000a600      0x97e hpl/gclk/hpl_gclk.o
 .debug_line    0x0000af7e      0x9d2 hpl/pm/hpl_pm.o
 .debug_line    0x0000b950     0x2853 hpl/sercom/hpl_sercom.o
 .debug_line    0x0000e1a3      0x9b5 hpl/sysctrl/hpl_sysctrl.o
 .debug_line    0x0000eb58      0x9b7 hpl/systick/hpl_systick.o
 .debug_line    0x0000f50f      0xd22 IO1_drivers.o
 .debug_line    0x00010231      0xcd4 main.o
 .debug_line    0x00010f05      0xa55 stdio_redirect/gcc/read.o
 .debug_line    0x0001195a      0xa56 stdio_redirect/gcc/write.o
 .debug_line    0x000123b0      0xa79 stdio_redirect/stdio_io.o
 .debug_line    0x00012e29      0xc29 stdio_start.o
 .debug_line    0x00013a52      0x940 temperature_sensor.o

.debug_str      0x00000000    0x80db3
 .debug_str     0x00000000    0x69d0d at30tse75x.o
                              0x6a1aa (size before relaxing)
 .debug_str     0x00069d0d     0x43e1 atmel_start.o
                              0x6e427 (size before relaxing)
 .debug_str     0x0006e0ee     0x10a4 Device_Startup/startup_samr21.o
                              0x6a08c (size before relaxing)
 .debug_str     0x0006f192     0x1ac8 driver_init.o
                              0x6ceff (size before relaxing)
 .debug_str     0x00070c5a      0x60b hal/src/hal_adc_async.o
                              0x6ac82 (size before relaxing)
 .debug_str     0x00071265       0x63 hal/src/hal_atomic.o
                              0x69ddb (size before relaxing)
 .debug_str     0x000712c8       0x9b hal/src/hal_delay.o
                              0x69e45 (size before relaxing)
 .debug_str     0x00071363      0x144 hal/src/hal_i2c_m_sync.o
                              0x6a6de (size before relaxing)
 .debug_str     0x000714a7       0x2c hal/src/hal_io.o
                              0x69e88 (size before relaxing)
 .debug_str     0x000714d3      0x49e hal/src/hal_usart_sync.o
                              0x6a928 (size before relaxing)
 .debug_str     0x00071971       0x2a hal/utils/src/utils_assert.o
                              0x69deb (size before relaxing)
 .debug_str     0x0007199b       0x24 hal/utils/src/utils_ringbuffer.o
                              0x69e91 (size before relaxing)
 .debug_str     0x000719bf      0x778 hal/utils/src/utils_syscalls.o
                               0x72fe (size before relaxing)
 .debug_str     0x00072137     0x6c47 hpl/adc/hpl_adc.o
                              0x712b8 (size before relaxing)
 .debug_str     0x00078d7e      0x132 hpl/core/hpl_core_m0plus_base.o
                              0x6a8c6 (size before relaxing)
 .debug_str     0x00078eb0     0x17d7 hpl/core/hpl_init.o
                              0x6ba2d (size before relaxing)
 .debug_str     0x0007a687      0x803 hpl/gclk/hpl_gclk.o
                              0x6a6bc (size before relaxing)
 .debug_str     0x0007ae8a      0x194 hpl/pm/hpl_pm.o
                              0x6a58f (size before relaxing)
 .debug_str     0x0007b01e     0x47b8 hpl/sercom/hpl_sercom.o
                              0x6fd20 (size before relaxing)
 .debug_str     0x0007f7d6     0x11cf hpl/sysctrl/hpl_sysctrl.o
                              0x6b0ba (size before relaxing)
 .debug_str     0x000809a5       0xcd hpl/systick/hpl_systick.o
                              0x69e33 (size before relaxing)
 .debug_str     0x00080a72      0x1c7 IO1_drivers.o
                              0x6e9c3 (size before relaxing)
 .debug_str     0x00080c39       0x82 main.o
                              0x6e656 (size before relaxing)
 .debug_str     0x00080cbb       0x2b stdio_redirect/gcc/read.o
                              0x6db98 (size before relaxing)
 .debug_str     0x00080ce6       0x2d stdio_redirect/gcc/write.o
                              0x6db9a (size before relaxing)
 .debug_str     0x00080d13       0x4b stdio_redirect/stdio_io.o
                              0x6dc33 (size before relaxing)
 .debug_str     0x00080d5e       0x3b stdio_start.o
                              0x6e457 (size before relaxing)
 .debug_str     0x00080d99       0x1a temperature_sensor.o
                              0x69dca (size before relaxing)

.debug_frame    0x00000000     0x2dfc
 .debug_frame   0x00000000       0x50 at30tse75x.o
 .debug_frame   0x00000050       0x28 atmel_start.o
 .debug_frame   0x00000078       0x40 Device_Startup/startup_samr21.o
 .debug_frame   0x000000b8       0xe8 driver_init.o
 .debug_frame   0x000001a0      0x2bc hal/src/hal_adc_async.o
 .debug_frame   0x0000045c       0x40 hal/src/hal_atomic.o
 .debug_frame   0x0000049c       0x68 hal/src/hal_delay.o
 .debug_frame   0x00000504      0x164 hal/src/hal_i2c_m_sync.o
 .debug_frame   0x00000668       0x58 hal/src/hal_io.o
 .debug_frame   0x000006c0      0x1f8 hal/src/hal_usart_sync.o
 .debug_frame   0x000008b8       0x20 hal/utils/src/utils_assert.o
 .debug_frame   0x000008d8       0x94 hal/utils/src/utils_ringbuffer.o
 .debug_frame   0x0000096c       0xa8 hal/utils/src/utils_syscalls.o
 .debug_frame   0x00000a14      0x498 hpl/adc/hpl_adc.o
 .debug_frame   0x00000eac       0xd4 hpl/core/hpl_core_m0plus_base.o
 .debug_frame   0x00000f80       0x28 hpl/core/hpl_init.o
 .debug_frame   0x00000fa8       0x30 hpl/gclk/hpl_gclk.o
 .debug_frame   0x00000fd8       0x40 hpl/pm/hpl_pm.o
 .debug_frame   0x00001018      0xe9c hpl/sercom/hpl_sercom.o
 .debug_frame   0x00001eb4       0x30 hpl/sysctrl/hpl_sysctrl.o
 .debug_frame   0x00001ee4       0x78 hpl/systick/hpl_systick.o
 .debug_frame   0x00001f5c       0xf0 IO1_drivers.o
 .debug_frame   0x0000204c       0x30 main.o
 .debug_frame   0x0000207c       0x28 stdio_redirect/gcc/read.o
 .debug_frame   0x000020a4       0x28 stdio_redirect/gcc/write.o
 .debug_frame   0x000020cc       0x6c stdio_redirect/stdio_io.o
 .debug_frame   0x00002138       0x40 stdio_start.o
 .debug_frame   0x00002178       0x38 temperature_sensor.o
 .debug_frame   0x000021b0       0x20 c:/program files (x86)/atmel/studio/7.0/toolchain/arm/arm-gnu-toolchain/bin/../lib/gcc/arm-none-eabi/6.3.1/thumb/v6-m\libgcc.a(_udivsi3.o)
 .debug_frame   0x000021d0       0x20 c:/program files (x86)/atmel/studio/7.0/toolchain/arm/arm-gnu-toolchain/bin/../lib/gcc/arm-none-eabi/6.3.1/thumb/v6-m\libgcc.a(_divsi3.o)
 .debug_frame   0x000021f0       0x28 c:/program files (x86)/atmel/studio/7.0/toolchain/arm/arm-gnu-toolchain/bin/../lib/gcc/arm-none-eabi/6.3.1/thumb/v6-m\libgcc.a(_fixunssfsi.o)
 .debug_frame   0x00002218       0x34 c:/program files (x86)/atmel/studio/7.0/toolchain/arm/arm-gnu-toolchain/bin/../lib/gcc/arm-none-eabi/6.3.1/thumb/v6-m\libgcc.a(addsf3.o)
 .debug_frame   0x0000224c       0x3c c:/program files (x86)/atmel/studio/7.0/toolchain/arm/arm-gnu-toolchain/bin/../lib/gcc/arm-none-eabi/6.3.1/thumb/v6-m\libgcc.a(mulsf3.o)
 .debug_frame   0x00002288       0x38 c:/program files (x86)/atmel/studio/7.0/toolchain/arm/arm-gnu-toolchain/bin/../lib/gcc/arm-none-eabi/6.3.1/thumb/v6-m\libgcc.a(subsf3.o)
 .debug_frame   0x000022c0       0x20 c:/program files (x86)/atmel/studio/7.0/toolchain/arm/arm-gnu-toolchain/bin/../lib/gcc/arm-none-eabi/6.3.1/thumb/v6-m\libgcc.a(fixsfsi.o)
 .debug_frame   0x000022e0       0x2c c:/program files (x86)/atmel/studio/7.0/toolchain/arm/arm-gnu-toolchain/bin/../lib/gcc/arm-none-eabi/6.3.1/thumb/v6-m\libgcc.a(floatsisf.o)
 .debug_frame   0x0000230c       0x28 c:/program files (x86)/atmel/studio/7.0/toolchain/arm/arm-gnu-toolchain/bin/../lib/gcc/arm-none-eabi/6.3.1/thumb/v6-m\libgcc.a(floatunsisf.o)
 .debug_frame   0x00002334       0x3c c:/program files (x86)/atmel/studio/7.0/toolchain/arm/arm-gnu-toolchain/bin/../lib/gcc/arm-none-eabi/6.3.1/thumb/v6-m\libgcc.a(divdf3.o)
 .debug_frame   0x00002370       0x3c c:/program files (x86)/atmel/studio/7.0/toolchain/arm/arm-gnu-toolchain/bin/../lib/gcc/arm-none-eabi/6.3.1/thumb/v6-m\libgcc.a(muldf3.o)
 .debug_frame   0x000023ac       0x38 c:/program files (x86)/atmel/studio/7.0/toolchain/arm/arm-gnu-toolchain/bin/../lib/gcc/arm-none-eabi/6.3.1/thumb/v6-m\libgcc.a(subdf3.o)
 .debug_frame   0x000023e4       0x2c c:/program files (x86)/atmel/studio/7.0/toolchain/arm/arm-gnu-toolchain/bin/../lib/gcc/arm-none-eabi/6.3.1/thumb/v6-m\libgcc.a(floatsidf.o)
 .debug_frame   0x00002410       0x2c c:/program files (x86)/atmel/studio/7.0/toolchain/arm/arm-gnu-toolchain/bin/../lib/gcc/arm-none-eabi/6.3.1/thumb/v6-m\libgcc.a(extendsfdf2.o)